# Path: mpy-cross
# Arch: x86_64
# Object files:
[  0] linker synthesized
[  1] build/py/mpstate.o
[  2] build/py/nlrx64.o
[  3] build/py/malloc.o
[  4] build/py/gc.o
[  5] build/py/qstr.o
[  6] build/py/vstr.o
[  7] build/py/mpprint.o
[  8] build/py/unicode.o
[  9] build/py/mpz.o
[ 10] build/py/reader.o
[ 11] build/py/lexer.o
[ 12] build/py/parse.o
[ 13] build/py/scope.o
[ 14] build/py/compile.o
[ 15] build/py/emitcommon.o
[ 16] build/py/emitbc.o
[ 17] build/py/formatfloat.o
[ 18] build/py/parsenumbase.o
[ 19] build/py/parsenum.o
[ 20] build/py/emitglue.o
[ 21] build/py/persistentcode.o
[ 22] build/py/runtime.o
[ 23] build/py/runtime_utils.o
[ 24] build/py/scheduler.o
[ 25] build/py/stackctrl.o
[ 26] build/py/argcheck.o
[ 27] build/py/warning.o
[ 28] build/py/map.o
[ 29] build/py/obj.o
[ 30] build/py/objarray.o
[ 31] build/py/objbool.o
[ 32] build/py/objboundmeth.o
[ 33] build/py/objcell.o
[ 34] build/py/objclosure.o
[ 35] build/py/objcomplex.o
[ 36] build/py/objdict.o
[ 37] build/py/objenumerate.o
[ 38] build/py/objexcept.o
[ 39] build/py/objfilter.o
[ 40] build/py/objfloat.o
[ 41] build/py/objfun.o
[ 42] build/py/objgenerator.o
[ 43] build/py/objgetitemiter.o
[ 44] build/py/objint.o
[ 45] build/py/objint_mpz.o
[ 46] build/py/objlist.o
[ 47] build/py/objmap.o
[ 48] build/py/objmodule.o
[ 49] build/py/objobject.o
[ 50] build/py/objpolyiter.o
[ 51] build/py/objproperty.o
[ 52] build/py/objnone.o
[ 53] build/py/objrange.o
[ 54] build/py/objreversed.o
[ 55] build/py/objset.o
[ 56] build/py/objsingleton.o
[ 57] build/py/objslice.o
[ 58] build/py/objstr.o
[ 59] build/py/objstrunicode.o
[ 60] build/py/objtuple.o
[ 61] build/py/objtype.o
[ 62] build/py/objzip.o
[ 63] build/py/opmethods.o
[ 64] build/py/sequence.o
[ 65] build/py/stream.o
[ 66] build/py/binary.o
[ 67] build/py/builtinimport.o
[ 68] build/py/builtinevex.o
[ 69] build/py/modbuiltins.o
[ 70] build/py/modmicropython.o
[ 71] build/py/modstruct.o
[ 72] build/py/vm.o
[ 73] build/py/bc.o
[ 74] build/py/smallint.o
[ 75] build/py/../extmod/modubinascii.o
[ 76] build/py/../extmod/virtpin.o
[ 77] build/py/../lib/embed/abort_.o
[ 78] build/main.o
[ 79] build/gccollect.o
[ 80] /usr/lib/libm.dylib
# Sections:
# Address	Size    	Segment	Section
0x100000F90	0x0001B73B	__TEXT	__text
0x10001C6CC	0x000000C0	__TEXT	__stubs
0x10001C78C	0x00000150	__TEXT	__stub_helper
0x10001C8E0	0x00003C6F	__TEXT	__cstring
0x100020550	0x00000A60	__TEXT	__const
0x100020FB0	0x00000048	__TEXT	__unwind_info
0x100021000	0x00000100	__DATA	__got
0x100021100	0x00000010	__DATA	__nl_symbol_ptr
0x100021110	0x00000100	__DATA	__la_symbol_ptr
0x100021210	0x00003250	__DATA	__const
0x100024460	0x00000008	__DATA	__data
0x100024468	0x00000358	__DATA	__common
0x1000247C0	0x00000004	__DATA	__bss
# Symbols:
# Address	Size    	File  Name
0x100000F90	0x00000032	[  2] _nlr_push
0x100000FC2	0x0000001A	[  2] _nlr_push_tail
0x100000FDC	0x00000018	[  2] _nlr_pop
0x100000FF4	0x00000053	[  2] _nlr_jump
0x100001047	0x00000029	[  3] _m_malloc
0x100001070	0x0000000C	[  3] _m_malloc_maybe
0x10000107C	0x00000027	[  3] _m_malloc0
0x1000010A3	0x0000002C	[  3] _m_realloc
0x1000010CF	0x0000000D	[  3] _m_realloc_maybe
0x1000010DC	0x0000000A	[  3] _m_free
0x1000010F0	0x000000A0	[  4] _gc_init
0x100001190	0x00000020	[  4] _gc_is_locked
0x1000011B0	0x000000F0	[  4] _gc_collect_start
0x1000012A0	0x000000D0	[  4] _gc_collect_root
0x100001370	0x00000180	[  4] _gc_drain_stack
0x1000014F0	0x000001B0	[  4] _gc_collect_end
0x1000016A0	0x00000200	[  4] _gc_alloc
0x1000018A0	0x00000130	[  4] _gc_free
0x1000019D0	0x000003D0	[  4] _gc_realloc
0x100001DA0	0x00000036	[  5] _qstr_compute_hash
0x100001DD6	0x00000023	[  5] _qstr_init
0x100001DF9	0x000000FA	[  5] _qstr_find_strn
0x100001EF3	0x0000001F	[  5] _qstr_from_str
0x100001F12	0x000001C9	[  5] _qstr_from_strn
0x1000020DB	0x00000095	[  5] _qstr_add
0x100002170	0x00000050	[  5] _qstr_build_start
0x1000021C0	0x00000091	[  5] _qstr_build_end
0x100002251	0x0000004E	[  5] _qstr_hash
0x10000229F	0x00000029	[  5] _qstr_len
0x1000022C8	0x00000039	[  5] _qstr_str
0x100002301	0x00000030	[  5] _qstr_data
0x100002331	0x00000034	[  6] _vstr_init
0x100002365	0x0000003D	[  6] _vstr_init_len
0x1000023A2	0x00000044	[  6] _vstr_init_print
0x1000023E6	0x00000055	[  6] _vstr_add_strn
0x10000243B	0x00000027	[  6] _vstr_clear
0x100002462	0x0000003D	[  6] _vstr_extend
0x10000249F	0x00000053	[  6] _vstr_ensure_extra
0x1000024F2	0x00000040	[  6] _vstr_null_terminated_str
0x100002532	0x00000035	[  6] _vstr_add_byte
0x100002567	0x00000192	[  6] _vstr_add_char
0x1000026F9	0x00000027	[  6] _vstr_add_str
0x100002720	0x00000017	[  6] _vstr_cut_tail_bytes
0x100002737	0x00000026	[  6] _vstr_vprintf
0x10000275E	0x0000003A	[  7] _mp_print_str
0x100002798	0x0000011A	[  7] _mp_print_strn
0x1000028B2	0x00000423	[  7] _mp_print_mp_int
0x100002CD5	0x0000010A	[  7] _mp_print_float
0x100002DDF	0x000000A2	[  7] _mp_printf
0x100002E81	0x000005D7	[  7] _mp_vprintf
0x100003458	0x0000014B	[  7] _mp_print_int
0x1000035A3	0x00000062	[  8] _utf8_get_char
0x100003605	0x0000001B	[  8] _utf8_next_char
0x100003620	0x0000002A	[  8] _utf8_ptr_to_index
0x10000364A	0x0000002F	[  8] _unichar_charlen
0x100003679	0x0000001F	[  8] _unichar_isspace
0x100003698	0x00000020	[  8] _unichar_isalpha
0x1000036B8	0x0000001E	[  8] _unichar_isdigit
0x1000036D6	0x00000020	[  8] _unichar_isxdigit
0x1000036F6	0x0000001E	[  8] _unichar_isupper
0x100003714	0x0000001E	[  8] _unichar_islower
0x100003732	0x0000001F	[  8] _unichar_tolower
0x100003751	0x0000001F	[  8] _unichar_toupper
0x100003770	0x00000019	[  8] _unichar_xdigit_value
0x100003789	0x0000001D	[  9] _mpz_init_zero
0x1000037A6	0x0000007B	[  9] _mpz_set_from_int
0x100003821	0x00000024	[  9] _mpz_init_fixed_from_int
0x100003845	0x0000001A	[  9] _mpz_deinit
0x10000385F	0x0000004B	[  9] _mpz_set
0x1000038AA	0x00000075	[  9] _mpz_need_dig
0x10000391F	0x0000006B	[  9] _mpz_set_from_ll
0x10000398A	0x0000016D	[  9] _mpz_set_from_float
0x100003AF7	0x0000014A	[  9] _mpz_set_from_str
0x100003C41	0x000000E8	[  9] _mpz_set_from_bytes
0x100003D29	0x00000075	[  9] _mpz_cmp
0x100003D9E	0x00000020	[  9] _mpz_neg_inpl
0x100003DBE	0x000000AE	[  9] _mpz_not_inpl
0x100003E6C	0x0000009F	[  9] _mpn_sub
0x100003F0B	0x00000094	[  9] _mpn_add
0x100003F9F	0x0000011C	[  9] _mpz_shl_inpl
0x1000040BB	0x00000129	[  9] _mpz_shr_inpl
0x1000041E4	0x0000005C	[  9] _mpn_shr
0x100004240	0x000000D4	[  9] _mpz_add_inpl
0x100004314	0x000000DD	[  9] _mpz_sub_inpl
0x1000043F1	0x00000195	[  9] _mpz_and_inpl
0x100004586	0x0000019F	[  9] _mpz_or_inpl
0x100004725	0x00000168	[  9] _mpz_xor_inpl
0x10000488D	0x00000165	[  9] _mpz_mul_inpl
0x1000049F2	0x00000074	[  9] _mpz_clone
0x100004A66	0x0000002C	[  9] _mpz_free
0x100004A92	0x000000E4	[  9] _mpz_pow_inpl
0x100004B76	0x0000042B	[  9] _mpz_divmod_inpl
0x100004FA1	0x0000003B	[  9] _mpz_hash
0x100004FDC	0x0000004F	[  9] _mpz_as_int_checked
0x10000502B	0x000000A8	[  9] _mpz_as_bytes
0x1000050D3	0x00000050	[  9] _mpz_as_float
0x100005123	0x000001E1	[  9] _mpz_as_str_inpl
0x100005304	0x0000008A	[ 10] _mp_reader_new_file_from_fd
0x10000538E	0x00000068	[ 10] _mp_reader_posix_readbyte
0x1000053F6	0x00000028	[ 10] _mp_reader_posix_close
0x10000541E	0x00000042	[ 10] _mp_reader_new_file
0x100005460	0x0000097C	[ 11] _mp_lexer_to_next
0x100005DDC	0x00000093	[ 11] _skip_whitespace
0x100005E6F	0x00000094	[ 11] _next_char
0x100005F03	0x000000C5	[ 11] _mp_lexer_new
0x100005FCA	0x00000049	[ 11] _mp_lexer_new_from_file
0x100006014	0x0000003F	[ 11] _mp_lexer_free
0x100006054	0x0000001A	[ 12] _mp_parse_node_is_const_false
0x10000606E	0x00000021	[ 12] _mp_parse_node_is_const_true
0x10000608F	0x00000055	[ 12] _mp_parse_node_get_int_maybe
0x1000060E4	0x0000003F	[ 12] _mp_parse_node_extract_list
0x100006123	0x000008F1	[ 12] _mp_parse
0x100006A14	0x00000094	[ 12] _push_rule
0x100006AA8	0x000001B8	[ 12] _push_result_token
0x100006C60	0x0000005A	[ 12] _push_rule_from_arg
0x100006CBA	0x0000004F	[ 12] _push_result_node
0x100006D09	0x0000003B	[ 12] _peek_result
0x100006D44	0x0000003E	[ 12] _pop_result
0x100006D82	0x00000772	[ 12] _push_result_rule
0x1000074F4	0x00000027	[ 12] _mp_parse_tree_clear
0x10000751B	0x000000AD	[ 12] _parser_alloc
0x1000075C8	0x000000C1	[ 13] _scope_new
0x100007689	0x00000020	[ 13] _scope_free
0x1000076A9	0x000000AF	[ 13] _scope_find_or_add_id
0x100007758	0x00000030	[ 13] _scope_find
0x100007788	0x0000003C	[ 13] _scope_find_global
0x1000077C4	0x000000FA	[ 13] _scope_find_local_and_close_over
0x1000078C0	0x00000415	[ 14] _mp_compile_to_raw_code
0x100007CD5	0x00000051	[ 14] _scope_new_and_link
0x100007D26	0x0000067E	[ 14] _compile_scope
0x1000083A5	0x00000194	[ 14] _compile_node
0x100008539	0x00000075	[ 14] _apply_to_single_or_list
0x1000085AE	0x00000034	[ 14] _compile_load_id
0x1000085E2	0x0000013D	[ 14] _compile_scope_comp_iter
0x10000871F	0x00000034	[ 14] _compile_store_id
0x100008753	0x00000064	[ 14] _compile_generic_all_nodes
0x1000087B7	0x0000027C	[ 14] _compile_decorated
0x100008A33	0x00000027	[ 14] _compile_funcdef
0x100008A5A	0x000003B0	[ 14] _compile_expr_stmt
0x100008E0A	0x00000012	[ 14] _compile_generic_tuple
0x100008E1C	0x0000001A	[ 14] _compile_del_stmt
0x100008E36	0x0000007C	[ 14] _compile_break_stmt
0x100008EB2	0x0000006A	[ 14] _compile_continue_stmt
0x100008F1C	0x000000D6	[ 14] _compile_return_stmt
0x100008FF2	0x00000021	[ 14] _compile_yield_stmt
0x100009013	0x00000069	[ 14] _compile_raise_stmt
0x10000907C	0x0000001A	[ 14] _compile_import_name
0x100009096	0x00000258	[ 14] _compile_import_from
0x1000092EE	0x000000B2	[ 14] _compile_global_stmt
0x1000093A0	0x000000F2	[ 14] _compile_nonlocal_stmt
0x100009492	0x000000A0	[ 14] _compile_assert_stmt
0x100009532	0x00000337	[ 14] _compile_async_stmt
0x100009869	0x000001C7	[ 14] _compile_if_stmt
0x100009A30	0x0000010A	[ 14] _compile_while_stmt
0x100009B3A	0x00000475	[ 14] _compile_for_stmt
0x100009FAF	0x000000E7	[ 14] _compile_try_stmt
0x10000A096	0x00000061	[ 14] _compile_with_stmt
0x10000A0F7	0x000000D5	[ 14] _compile_test_if_expr
0x10000A1CC	0x00000050	[ 14] _compile_lambdef
0x10000A21C	0x0000000F	[ 14] _compile_or_test
0x10000A22B	0x0000000C	[ 14] _compile_and_test
0x10000A237	0x00000026	[ 14] _compile_not_test_2
0x10000A25D	0x000001E1	[ 14] _compile_comparison
0x10000A43E	0x00000011	[ 14] _compile_star_expr
0x10000A44F	0x0000000C	[ 14] _compile_expr
0x10000A45B	0x0000000F	[ 14] _compile_xor_expr
0x10000A46A	0x0000000F	[ 14] _compile_and_expr
0x10000A479	0x000000B7	[ 14] _compile_term
0x10000A530	0x0000006A	[ 14] _compile_factor_2
0x10000A59A	0x00000022	[ 14] _compile_power
0x10000A5BC	0x00000044	[ 14] _compile_atom_expr_await
0x10000A600	0x000001E8	[ 14] _compile_atom_expr_normal
0x10000A7E8	0x000000EA	[ 14] _compile_atom_paren
0x10000A8D2	0x00000119	[ 14] _compile_atom_bracket
0x10000A9EB	0x00000276	[ 14] _compile_atom_brace
0x10000AC61	0x00000012	[ 14] _compile_trailer_paren
0x10000AC73	0x00000021	[ 14] _compile_trailer_bracket
0x10000AC94	0x00000016	[ 14] _compile_trailer_period
0x10000ACAA	0x00000054	[ 14] _compile_subscript_2
0x10000ACFE	0x0000002A	[ 14] _compile_subscript_3
0x10000AD28	0x00000026	[ 14] _compile_dictorsetmaker_item
0x10000AD4E	0x00000027	[ 14] _compile_classdef
0x10000AD75	0x00000089	[ 14] _compile_yield_expr
0x10000ADFE	0x00000012	[ 14] _compile_const_object
0x10000AE10	0x0000005E	[ 14] _compile_funcdef_helper
0x10000AE6E	0x000000A5	[ 14] _compile_classdef_helper
0x10000AF13	0x00000044	[ 14] _compile_syntax_error
0x10000AF57	0x000000AB	[ 14] _compile_funcdef_lambdef
0x10000B002	0x00000162	[ 14] _compile_funcdef_lambdef_param
0x10000B164	0x0000017F	[ 14] _close_over_variables_etc
0x10000B2E3	0x00000233	[ 14] _compile_trailer_paren_helper
0x10000B516	0x000000FA	[ 14] _compile_comprehension
0x10000B610	0x00000401	[ 14] _c_assign
0x10000BA11	0x00000177	[ 14] _c_assign_tuple
0x10000BB88	0x00000071	[ 14] _c_tuple
0x10000BBF9	0x000002CE	[ 14] _c_del_stmt
0x10000BEC7	0x00000034	[ 14] _compile_delete_id
0x10000BEFB	0x000001E0	[ 14] _c_if_cond
0x10000C0DB	0x0000004E	[ 14] _compile_dotted_as_name
0x10000C129	0x000001DE	[ 14] _do_import_name
0x10000C307	0x00000031	[ 14] _compile_await_object_method
0x10000C338	0x00000031	[ 14] _compile_yield_from
0x10000C369	0x000002D1	[ 14] _compile_async_with_stmt_helper
0x10000C63A	0x0000013D	[ 14] _compile_try_finally
0x10000C777	0x0000036B	[ 14] _compile_try_except
0x10000CAE2	0x00000135	[ 14] _compile_with_stmt_helper
0x10000CC17	0x0000007F	[ 14] _compile_or_and_test
0x10000CC96	0x00000066	[ 14] _c_binary_op
0x10000CCFC	0x0000011C	[ 14] _compile_subscript_3_helper
0x10000CE18	0x000001B5	[ 14] _compile_scope_func_lambda_param
0x10000CFD0	0x00000037	[ 15] _mp_emit_common_get_id_for_load
0x10000D007	0x00000038	[ 15] _mp_emit_common_get_id_for_modification
0x10000D03F	0x000000CD	[ 15] _mp_emit_common_id_op
0x10000D10C	0x0000000F	[ 16] _emit_bc_new
0x10000D11B	0x00000025	[ 16] _emit_bc_set_max_num_labels
0x10000D140	0x00000020	[ 16] _emit_bc_free
0x10000D160	0x00000259	[ 16] _mp_emit_bc_start_pass
0x10000D3B9	0x00000059	[ 16] _emit_get_cur_to_write_code_info
0x10000D412	0x00000047	[ 16] _emit_write_code_info_qstr
0x10000D459	0x00000142	[ 16] _mp_emit_bc_end_pass
0x10000D59B	0x00000012	[ 16] _mp_emit_bc_last_emit_was_return_value
0x10000D5AD	0x00000054	[ 16] _mp_emit_bc_adjust_stack_size
0x10000D601	0x00000153	[ 16] _mp_emit_bc_set_source_line
0x10000D754	0x000000AB	[ 16] _mp_emit_bc_label_assign
0x10000D7FF	0x0000002D	[ 16] _mp_emit_bc_import_name
0x10000D82C	0x0000004D	[ 16] _emit_write_bytecode_byte_qstr
0x10000D879	0x0000002B	[ 16] _mp_emit_bc_import_from
0x10000D8A4	0x0000002C	[ 16] _mp_emit_bc_import_star
0x10000D8D0	0x00000108	[ 16] _mp_emit_bc_load_const_tok
0x10000D9D8	0x0000010D	[ 16] _mp_emit_bc_load_const_small_int
0x10000DAE5	0x0000002B	[ 16] _mp_emit_bc_load_const_str
0x10000DB10	0x00000075	[ 16] _mp_emit_bc_load_const_obj
0x10000DB85	0x0000002A	[ 16] _mp_emit_bc_load_null
0x10000DBAF	0x0000005D	[ 16] _mp_emit_bc_load_fast
0x10000DC0C	0x0000003D	[ 16] _mp_emit_bc_load_deref
0x10000DC49	0x00000049	[ 16] _mp_emit_bc_load_name
0x10000DC92	0x00000049	[ 16] _mp_emit_bc_load_global
0x10000DCDB	0x00000046	[ 16] _mp_emit_bc_load_attr
0x10000DD21	0x00000040	[ 16] _mp_emit_bc_load_method
0x10000DD61	0x0000002A	[ 16] _mp_emit_bc_load_build_class
0x10000DD8B	0x0000002C	[ 16] _mp_emit_bc_load_subscr
0x10000DDB7	0x0000005F	[ 16] _mp_emit_bc_store_fast
0x10000DE16	0x0000003F	[ 16] _mp_emit_bc_store_deref
0x10000DE55	0x0000002D	[ 16] _mp_emit_bc_store_name
0x10000DE82	0x0000002D	[ 16] _mp_emit_bc_store_global
0x10000DEAF	0x0000004B	[ 16] _mp_emit_bc_store_attr
0x10000DEFA	0x0000002C	[ 16] _mp_emit_bc_store_subscr
0x10000DF26	0x00000030	[ 16] _mp_emit_bc_delete_fast
0x10000DF56	0x00000030	[ 16] _mp_emit_bc_delete_deref
0x10000DF86	0x00000028	[ 16] _mp_emit_bc_delete_name
0x10000DFAE	0x00000028	[ 16] _mp_emit_bc_delete_global
0x10000DFD6	0x00000050	[ 16] _mp_emit_bc_delete_attr
0x10000E026	0x00000027	[ 16] _mp_emit_bc_rot_two
0x10000E04D	0x00000063	[ 16] _mp_emit_bc_delete_subscr
0x10000E0B0	0x00000027	[ 16] _mp_emit_bc_rot_three
0x10000E0D7	0x0000002A	[ 16] _mp_emit_bc_dup_top
0x10000E101	0x0000002A	[ 16] _mp_emit_bc_dup_top_two
0x10000E12B	0x0000002C	[ 16] _mp_emit_bc_pop_top
0x10000E157	0x00000028	[ 16] _mp_emit_bc_jump
0x10000E17F	0x00000041	[ 16] _emit_write_bytecode_byte_signed_label
0x10000E1C0	0x00000045	[ 16] _mp_emit_bc_pop_jump_if
0x10000E205	0x00000045	[ 16] _mp_emit_bc_jump_if_or_pop
0x10000E24A	0x000000B1	[ 16] _mp_emit_bc_unwind_jump
0x10000E2FB	0x0000002B	[ 16] _mp_emit_bc_setup_with
0x10000E326	0x00000042	[ 16] _emit_write_bytecode_byte_unsigned_label
0x10000E368	0x0000007C	[ 16] _mp_emit_bc_with_cleanup
0x10000E3E4	0x00000027	[ 16] _mp_emit_bc_pop_block
0x10000E40B	0x00000028	[ 16] _mp_emit_bc_setup_except
0x10000E433	0x00000028	[ 16] _mp_emit_bc_setup_finally
0x10000E45B	0x0000002C	[ 16] _mp_emit_bc_end_finally
0x10000E487	0x00000033	[ 16] _mp_emit_bc_get_iter
0x10000E4BA	0x0000002B	[ 16] _mp_emit_bc_for_iter
0x10000E4E5	0x00000011	[ 16] _mp_emit_bc_for_iter_end
0x10000E4F6	0x00000027	[ 16] _mp_emit_bc_pop_except
0x10000E51D	0x0000002D	[ 16] _mp_emit_bc_unary_op
0x10000E54A	0x0000007E	[ 16] _mp_emit_bc_binary_op
0x10000E5C8	0x00000040	[ 16] _mp_emit_bc_build_tuple
0x10000E608	0x00000040	[ 16] _mp_emit_bc_build_list
0x10000E648	0x0000003D	[ 16] _mp_emit_bc_build_map
0x10000E685	0x0000002C	[ 16] _mp_emit_bc_store_map
0x10000E6B1	0x00000040	[ 16] _mp_emit_bc_build_set
0x10000E6F1	0x00000040	[ 16] _mp_emit_bc_build_slice
0x10000E731	0x00000078	[ 16] _mp_emit_bc_store_comp
0x10000E7A9	0x0000003C	[ 16] _mp_emit_bc_unpack_sequence
0x10000E7E5	0x0000004F	[ 16] _mp_emit_bc_unpack_ex
0x10000E834	0x0000004E	[ 16] _mp_emit_bc_make_function
0x10000E882	0x00000072	[ 16] _emit_write_bytecode_byte_raw_code
0x10000E8F4	0x00000095	[ 16] _mp_emit_bc_make_closure
0x10000E989	0x0000001D	[ 16] _mp_emit_bc_call_function
0x10000E9A6	0x00000070	[ 16] _emit_bc_call_function_method_helper
0x10000EA16	0x00000022	[ 16] _mp_emit_bc_call_method
0x10000EA38	0x00000030	[ 16] _mp_emit_bc_return_value
0x10000EA68	0x00000058	[ 16] _mp_emit_bc_raise_varargs
0x10000EAC0	0x0000002F	[ 16] _mp_emit_bc_yield_value
0x10000EAEF	0x00000034	[ 16] _mp_emit_bc_yield_from
0x10000EB23	0x0000000F	[ 16] _mp_emit_bc_start_except_handler
0x10000EB32	0x00000011	[ 16] _mp_emit_bc_end_except_handler
0x10000EB43	0x0000009B	[ 16] _emit_write_uint
0x10000EBDE	0x00000060	[ 16] _emit_get_cur_to_write_bytecode
0x10000EC3E	0x0000071A	[ 17] _mp_format_float
0x10000F358	0x000000C3	[ 18] _mp_parse_num_base
0x10000F41B	0x000001EC	[ 19] _mp_parse_num_integer
0x10000F607	0x00000034	[ 19] _raise_exc
0x10000F63B	0x000003C9	[ 19] _mp_parse_num_decimal
0x10000FA04	0x0000001A	[ 20] _mp_emit_glue_new_raw_code
0x10000FA1E	0x00000032	[ 20] _mp_emit_glue_assign_bytecode
0x10000FA50	0x0000035F	[ 21] _save_raw_code
0x10000FDAF	0x00000080	[ 21] _mp_raw_code_save_file
0x10000FE2F	0x0000000A	[ 21] _fd_print_strn
0x10000FE39	0x00000063	[ 21] _mp_print_uint
0x10000FE9C	0x00000042	[ 21] _save_qstr
0x10000FEE0	0x0000006B	[ 22] _mp_init
0x10000FF4B	0x00000006	[ 22] _mp_deinit
0x10000FF51	0x000001C3	[ 22] _mp_unary_op
0x100010114	0x00000097	[ 22] _mp_raise_TypeError_varg
0x1000101AB	0x000005B9	[ 22] _mp_binary_op
0x100010764	0x00000016	[ 22] _mp_raise_ValueError
0x10001077A	0x000000E5	[ 22] _mp_getiter
0x10001085F	0x000000F1	[ 22] _mp_iternext
0x100010950	0x00000023	[ 22] _mp_raise_msg
0x100010973	0x00000054	[ 22] _mp_call_function_n_kw
0x1000109C7	0x00000022	[ 22] _mp_call_function_1
0x1000109EA	0x0000002D	[ 22] _mp_call_method_n_kw
0x100010A19	0x00000097	[ 22] _mp_raise_ValueError_varg
0x100010AB2	0x00000143	[ 22] _mp_convert_member_lookup
0x100010BF5	0x00000016	[ 22] _mp_raise_AttributeError
0x100010C0B	0x000000E3	[ 22] _mp_load_method_maybe
0x100010CF1	0x000000A6	[ 22] _mp_iternext_allow_raise
0x100010D97	0x00000083	[ 22] _mp_raise_msg_varg
0x100010E1D	0x00000035	[ 22] _m_malloc_fail
0x100010E52	0x00000016	[ 22] _mp_raise_RuntimeError
0x100010E6A	0x00000016	[ 22] _mp_raise_IndexError
0x100010E80	0x00000016	[ 22] _mp_raise_TypeError
0x100010E96	0x00000020	[ 22] _mp_raise_OSError
0x100010EB6	0x00000016	[ 22] _mp_raise_NotImplementedError
0x100010ECC	0x0000005F	[ 22] _checked_fun_call
0x100010F2B	0x00000015	[ 25] _mp_stack_ctrl_init
0x100010F40	0x00000011	[ 25] _mp_stack_set_limit
0x100010F51	0x00000010	[ 25] _mp_exc_recursion_depth
0x100010F61	0x0000002B	[ 25] _mp_stack_check
0x100010F8C	0x0000006C	[ 26] _mp_arg_check_num
0x100010FF8	0x00000150	[ 26] _mp_arg_parse_all
0x100011148	0x00000055	[ 26] _mp_arg_parse_all_kw_array
0x10001119D	0x00000010	[ 26] _mp_arg_error_unimpl_kw
0x1000111AD	0x00000045	[ 28] _mp_map_init
0x1000111F2	0x00000019	[ 28] _mp_map_init_fixed_table
0x10001120B	0x00000031	[ 28] _mp_map_deinit
0x10001123C	0x0000003D	[ 28] _mp_map_clear
0x100011279	0x0000035B	[ 28] _mp_map_lookup
0x1000115D4	0x000000B7	[ 28] _mp_map_rehash
0x10001168B	0x00000044	[ 29] _mp_obj_get_type
0x1000116CF	0x0000004C	[ 29] _mp_obj_get_type_str
0x10001171B	0x000000B0	[ 29] _mp_obj_print_helper
0x1000117CB	0x00000146	[ 29] _mp_obj_print_exception
0x100011911	0x000000AB	[ 29] _mp_obj_is_true
0x1000119BC	0x00000078	[ 29] _mp_obj_len_maybe
0x100011A34	0x00000112	[ 29] _mp_obj_equal
0x100011B46	0x0000005A	[ 29] _mp_obj_get_int
0x100011BA0	0x00000028	[ 29] _mp_obj_get_int_truncated
0x100011BC8	0x00000062	[ 29] _mp_obj_get_int_maybe
0x100011C2A	0x00000072	[ 29] _mp_obj_get_float
0x100011C9C	0x000000AF	[ 29] _mp_obj_get_complex
0x100011D4B	0x00000042	[ 29] _mp_obj_get_array
0x100011D8D	0x000000C6	[ 29] _mp_get_index
0x100011E53	0x000000B0	[ 29] _mp_obj_subscr
0x100011F03	0x00000009	[ 29] _mp_identity_getiter
0x100011F0C	0x00000057	[ 29] _mp_get_buffer
0x100011F63	0x0000001B	[ 29] _mp_get_buffer_raise
0x100011F7E	0x00000015	[ 29] _mp_generic_unary_op
0x100011F93	0x00000024	[ 31] _bool_print
0x100011FB7	0x00000056	[ 31] _bool_make_new
0x10001200D	0x0000001D	[ 31] _bool_unary_op
0x10001202A	0x00000013	[ 31] _bool_binary_op
0x10001203D	0x000000E8	[ 32] _mp_call_method_self_n_kw
0x100012128	0x000000FE	[ 35] _complex_print
0x100012226	0x000001CB	[ 35] _complex_make_new
0x1000123F1	0x000000B3	[ 35] _complex_unary_op
0x1000124A4	0x00000017	[ 35] _complex_binary_op
0x1000124BB	0x0000003C	[ 35] _complex_attr
0x1000124F7	0x00000040	[ 35] _mp_obj_new_complex
0x100012537	0x00000044	[ 35] _mp_obj_complex_get
0x10001257B	0x00000351	[ 35] _mp_obj_complex_binary_op
0x1000128CC	0x0000003B	[ 36] _mp_obj_dict_get
0x100012907	0x000000D1	[ 36] _dict_print
0x1000129D8	0x000000B0	[ 36] _dict_make_new
0x100012A88	0x00000035	[ 36] _dict_unary_op
0x100012ABD	0x0000010D	[ 36] _dict_binary_op
0x100012BCA	0x000000AB	[ 36] _dict_subscr
0x100012C75	0x0000002A	[ 36] _dict_getiter
0x100012C9F	0x00000018	[ 36] _mp_obj_dict_init
0x100012CB7	0x00000035	[ 36] _mp_obj_new_dict
0x100012CEC	0x00000027	[ 36] _mp_obj_dict_store
0x100012D13	0x0000008A	[ 36] _dict_get_helper
0x100012D9D	0x000001E0	[ 36] _dict_update
0x100012F7D	0x00000055	[ 36] _dict_it_iternext
0x100012FD2	0x00000016	[ 36] _dict_clear
0x100012FE8	0x00000096	[ 36] _dict_copy
0x10001307E	0x000000C8	[ 36] _dict_fromkeys
0x100013146	0x0000000C	[ 36] _dict_get
0x100013152	0x0000002F	[ 36] _dict_items
0x100013181	0x000000C5	[ 36] _dict_view_print
0x100013246	0x00000023	[ 36] _dict_view_binary_op
0x100013269	0x00000029	[ 36] _dict_view_getiter
0x100013292	0x000000AF	[ 36] _dict_view_it_iternext
0x100013341	0x0000002F	[ 36] _dict_keys
0x100013370	0x0000000F	[ 36] _dict_pop
0x10001337F	0x00000098	[ 36] _dict_popitem
0x100013417	0x0000000F	[ 36] _dict_setdefault
0x100013426	0x0000002F	[ 36] _dict_values
0x100013455	0x0000007C	[ 38] _mp_obj_exception_make_new
0x1000134D1	0x000000BF	[ 38] _mp_obj_exception_print
0x100013590	0x0000006B	[ 38] _exception_attr
0x1000135FB	0x0000000E	[ 38] _mp_obj_new_exception
0x100013609	0x0000003D	[ 38] _mp_obj_new_exception_args
0x100013646	0x00000020	[ 38] _mp_obj_new_exception_arg1
0x100013666	0x0000000C	[ 38] _mp_obj_new_exception_msg
0x100013672	0x000000A2	[ 38] _mp_obj_new_exception_msg_varg
0x100013714	0x00000134	[ 38] _mp_obj_new_exception_msg_vlist
0x100013848	0x00000033	[ 38] _mp_obj_is_exception_type
0x10001387B	0x00000012	[ 38] _mp_obj_is_exception_instance
0x10001388D	0x00000038	[ 38] _mp_obj_exception_match
0x1000138C5	0x00000136	[ 38] _mp_obj_exception_add_traceback
0x1000139FB	0x00000089	[ 38] _mp_obj_exception_get_traceback
0x100013A84	0x00000027	[ 38] _exc___init__
0x100013AAC	0x000000AC	[ 40] _float_print
0x100013B58	0x000000D0	[ 40] _float_make_new
0x100013C28	0x000000AC	[ 40] _float_unary_op
0x100013CD4	0x00000047	[ 40] _float_binary_op
0x100013D1B	0x00000031	[ 40] _mp_obj_new_float
0x100013D4C	0x0000003B	[ 40] _mp_obj_float_get
0x100013D87	0x000002E5	[ 40] _mp_obj_float_binary_op
0x10001406C	0x000000E4	[ 40] _mp_obj_float_divmod
0x100014150	0x0000005B	[ 41] _fun_builtin_0_call
0x1000141AB	0x00000066	[ 41] _fun_builtin_1_call
0x100014211	0x00000069	[ 41] _fun_builtin_2_call
0x10001427A	0x0000006D	[ 41] _fun_builtin_3_call
0x1000142E7	0x000000C0	[ 41] _fun_builtin_var_call
0x1000143A7	0x0000002A	[ 43] _mp_obj_new_getitem_iter
0x1000143D1	0x00000073	[ 43] _it_iternext
0x100014444	0x000000AB	[ 44] _mp_obj_new_int_from_float
0x1000144EF	0x00000086	[ 44] _mp_obj_int_print
0x100014575	0x000001E3	[ 44] _mp_obj_int_formatted
0x100014758	0x00000084	[ 44] _mp_int_format_size
0x1000147DC	0x00000080	[ 44] _mp_obj_int_binary_op_extra_cases
0x10001485C	0x000000F8	[ 44] _mp_obj_int_make_new
0x100014954	0x000000A0	[ 44] _int_from_bytes
0x1000149F4	0x000000C0	[ 44] _int_to_bytes
0x100014AB4	0x00000030	[ 45] _mp_obj_int_new_mpz
0x100014AE4	0x000000D2	[ 45] _mp_obj_int_formatted_impl
0x100014BB6	0x0000005E	[ 45] _mp_obj_int_from_bytes_impl
0x100014C14	0x00000070	[ 45] _mp_obj_int_to_bytes_impl
0x100014C84	0x00000037	[ 45] _mp_obj_int_sign
0x100014CBD	0x0000004E	[ 45] _mp_obj_new_int_from_ll
0x100014D0B	0x000000F1	[ 45] _mp_obj_int_unary_op
0x100014DFC	0x000004F0	[ 45] _mp_obj_int_binary_op
0x1000152EC	0x00000044	[ 45] _mp_obj_int_get_checked
0x100015330	0x0000001C	[ 45] _mp_obj_new_int
0x10001534C	0x0000004B	[ 45] _mp_obj_new_int_from_ull
0x100015397	0x0000001A	[ 45] _mp_obj_new_int_from_uint
0x1000153B1	0x0000006A	[ 45] _mp_obj_new_int_from_str_len
0x10001541B	0x0000001C	[ 45] _mp_obj_int_get_truncated
0x100015437	0x0000003E	[ 45] _mp_obj_int_as_float_impl
0x100015475	0x0000006E	[ 46] _mp_obj_list_append
0x1000154E3	0x00000075	[ 46] _mp_obj_list_sort
0x100015558	0x00000159	[ 46] _mp_quicksort
0x1000156B1	0x00000066	[ 46] _mp_obj_list_remove
0x100015717	0x00000021	[ 46] _list_index
0x100015738	0x000000AF	[ 46] _list_pop
0x1000157E7	0x00000075	[ 46] _list_print
0x10001585C	0x00000067	[ 46] _list_make_new
0x1000158C3	0x00000032	[ 46] _list_unary_op
0x1000158F5	0x00000186	[ 46] _list_binary_op
0x100015A7B	0x000002E8	[ 46] _list_subscr
0x100015D63	0x0000002A	[ 46] _list_getiter
0x100015D8D	0x00000052	[ 46] _mp_obj_list_init
0x100015DDF	0x00000056	[ 46] _mp_obj_new_list
0x100015E35	0x00000014	[ 46] _mp_obj_list_get
0x100015E49	0x0000003D	[ 46] _list_extend_from_iter
0x100015E86	0x000000BD	[ 46] _list_extend
0x100015F43	0x00000028	[ 46] _list_it_iternext
0x100015F6B	0x00000058	[ 46] _list_clear
0x100015FC3	0x00000015	[ 46] _list_copy
0x100015FD8	0x00000018	[ 46] _list_count
0x100015FF0	0x00000072	[ 46] _list_insert
0x100016062	0x00000052	[ 46] _list_reverse
0x1000160B4	0x00000032	[ 49] _object_make_new
0x1000160E6	0x0000000D	[ 49] _object___init__
0x1000160F3	0x00000051	[ 49] _object___new__
0x100016144	0x00000008	[ 50] _polymorph_it_iternext
0x10001614C	0x00000076	[ 51] _property_make_new
0x1000161C2	0x0000000A	[ 51] _mp_obj_property_get
0x1000161CC	0x0000003E	[ 51] _property_getter
0x10001620A	0x0000003E	[ 51] _property_setter
0x100016248	0x00000036	[ 51] _property_deleter
0x10001627E	0x00000011	[ 52] _none_print
0x10001628F	0x00000017	[ 56] _singleton_print
0x1000162A6	0x00000085	[ 57] _slice_print
0x10001632B	0x0000004B	[ 57] _mp_obj_slice_get
0x100016378	0x000001A8	[ 58] _mp_str_print_quoted
0x100016520	0x0000013D	[ 58] _mp_obj_str_make_new
0x10001665D	0x000000AD	[ 58] _mp_obj_new_str_from_vstr
0x10001670A	0x0000006B	[ 58] _mp_obj_new_str_of_type
0x100016775	0x00000051	[ 58] _mp_obj_new_str
0x1000167C6	0x000000A2	[ 58] _find_subbytes
0x100016868	0x00000A48	[ 58] _mp_obj_str_binary_op
0x1000172B0	0x0000003E	[ 58] _bad_implicit_conversion
0x1000172EE	0x000001B0	[ 58] _str_join
0x10001749E	0x0000024D	[ 58] _mp_obj_str_split
0x1000176EB	0x00000057	[ 58] _mp_obj_str_get_data
0x100017742	0x00000217	[ 58] _str_rsplit
0x100017959	0x00000011	[ 58] _str_find
0x10001796A	0x00000011	[ 58] _str_rfind
0x10001797B	0x00000014	[ 58] _str_index
0x10001798F	0x00000014	[ 58] _str_rindex
0x1000179A3	0x000000E4	[ 58] _str_startswith
0x100017A87	0x000000BB	[ 58] _str_endswith
0x100017B42	0x0000001B	[ 58] _str_strip
0x100017B5D	0x00000018	[ 58] _str_lstrip
0x100017B75	0x0000001B	[ 58] _str_rstrip
0x100017B90	0x00000084	[ 58] _mp_obj_str_format
0x100017C14	0x00000BD4	[ 58] _mp_obj_str_format_helper
0x1000187E8	0x00000319	[ 58] _str_replace
0x100018B01	0x00000185	[ 58] _str_count
0x100018C86	0x00000017	[ 58] _str_lower
0x100018C9D	0x00000017	[ 58] _str_upper
0x100018CB4	0x0000007B	[ 58] _str_isspace
0x100018D2F	0x0000007B	[ 58] _str_isalpha
0x100018DAA	0x0000007B	[ 58] _str_isdigit
0x100018E25	0x00000092	[ 58] _str_isupper
0x100018EB7	0x00000092	[ 58] _str_islower
0x100018F49	0x00000061	[ 58] _bytes_decode
0x100018FAA	0x0000005C	[ 58] _str_encode
0x100019006	0x0000006D	[ 58] _mp_obj_str_get_buffer
0x100019073	0x0000008B	[ 58] _str_print
0x1000190FE	0x000001F4	[ 58] _bytes_make_new
0x1000192F2	0x000000CE	[ 58] _bytes_subscr
0x1000193C0	0x0000002A	[ 58] _mp_obj_new_bytes_iterator
0x1000193EA	0x0000001D	[ 58] _mp_obj_new_bytes
0x100019407	0x000000F7	[ 58] _mp_obj_str_equal
0x1000194FE	0x0000003A	[ 58] _mp_obj_str_get_qstr
0x10001953A	0x00000189	[ 58] _str_finder
0x1000196C3	0x00000225	[ 58] _str_uni_strip
0x1000198E8	0x00000097	[ 58] _str_caseconv
0x10001997F	0x0000005F	[ 58] _bytes_it_iternext
0x1000199DE	0x00000112	[ 59] _str_index_to_ptr
0x100019AF0	0x00000200	[ 59] _uni_print
0x100019CF0	0x00000073	[ 59] _uni_unary_op
0x100019D63	0x0000019E	[ 59] _str_subscr
0x100019F01	0x0000002A	[ 59] _mp_obj_new_str_iterator
0x100019F2B	0x0000007C	[ 59] _str_it_iternext
0x100019FA7	0x00000089	[ 60] _mp_obj_tuple_print
0x10001A030	0x00000088	[ 60] _mp_obj_tuple_unary_op
0x10001A0B8	0x000001DC	[ 60] _mp_obj_tuple_binary_op
0x10001A294	0x00000053	[ 60] _mp_obj_new_tuple
0x10001A2E7	0x000000C1	[ 60] _mp_obj_tuple_subscr
0x10001A3A8	0x000000E2	[ 60] _mp_obj_tuple_make_new
0x10001A48A	0x0000002A	[ 60] _mp_obj_tuple_getiter
0x10001A4B4	0x00000044	[ 60] _mp_obj_tuple_get
0x10001A4F8	0x00000025	[ 60] _tuple_it_iternext
0x10001A51D	0x00000018	[ 60] _tuple_count
0x10001A535	0x00000021	[ 60] _tuple_index
0x10001A556	0x000002AE	[ 61] _mp_obj_instance_make_new
0x10001A804	0x000000C7	[ 61] _instance_count_native_bases
0x10001A8CB	0x00000268	[ 61] _mp_obj_class_lookup
0x10001AB33	0x000002C0	[ 61] _mp_obj_instance_attr
0x10001ADF3	0x000000C5	[ 61] _mp_obj_instance_call
0x10001AEB8	0x00000017	[ 61] _type_print
0x10001AECF	0x00000068	[ 61] _type_make_new
0x10001AF37	0x00000021	[ 61] _type_call
0x10001AF58	0x0000010E	[ 61] _type_attr
0x10001B066	0x00000257	[ 61] _mp_obj_new_type
0x10001B2BD	0x0000013C	[ 61] _instance_print
0x10001B3F9	0x000000D5	[ 61] _instance_unary_op
0x10001B4CE	0x000000B7	[ 61] _instance_binary_op
0x10001B585	0x00000101	[ 61] _instance_subscr
0x10001B686	0x00000098	[ 61] _instance_getiter
0x10001B71E	0x0000008F	[ 61] _instance_get_buffer
0x10001B7AD	0x00000078	[ 61] _static_class_method_make_new
0x10001B825	0x0000008B	[ 61] _mp_obj_is_subclass_fast
0x10001B8B0	0x0000002E	[ 61] _mp_instance_cast_to_native_base
0x10001B8DE	0x00000027	[ 63] _op_getitem
0x10001B905	0x00000031	[ 63] _op_setitem
0x10001B936	0x00000024	[ 63] _op_delitem
0x10001B95A	0x0000003F	[ 64] _mp_seq_multiply
0x10001B999	0x0000015C	[ 64] _mp_seq_get_fast_slice_indexes
0x10001BAF5	0x0000006B	[ 64] _mp_seq_extract_slice
0x10001BB60	0x00000090	[ 64] _mp_seq_cmp_bytes
0x10001BBF0	0x000000DD	[ 64] _mp_seq_cmp_objs
0x10001BCCD	0x000000B3	[ 64] _mp_seq_index_obj
0x10001BD80	0x00000049	[ 64] _mp_seq_count_obj
0x10001BDCA	0x0000003F	[ 66] _mp_binary_set_int
0x10001BE09	0x00000024	[ 69] _mp_builtin_next
0x10001BE2D	0x00000027	[ 73] _mp_decode_uint
0x10001BE54	0x00000070	[ 73] _mp_opcode_format
0x10001BEC4	0x00000069	[ 74] _mp_small_int_mul_overflow
0x10001BF2D	0x00000028	[ 74] _mp_small_int_modulo
0x10001BF55	0x0000002E	[ 74] _mp_small_int_floor_divide
0x10001BF83	0x00000641	[ 78] _main_
0x10001C5C4	0x00000037	[ 78] _usage
0x10001C5FB	0x0000001F	[ 78] _main
0x10001C61A	0x00000022	[ 78] _nlr_jump_fail
0x10001C63C	0x0000000F	[ 78] _stderr_print_strn
0x10001C64B	0x00000080	[ 79] _gc_collect
0x10001C6CC	0x00000006	[ 80] ___assert_rtn
0x10001C6D2	0x00000006	[ 80] ___bzero
0x10001C6D8	0x00000006	[ 80] ___error
0x10001C6DE	0x00000006	[ 80] ___exp10
0x10001C6E4	0x00000006	[ 80] ___fpclassifyd
0x10001C6EA	0x00000006	[ 80] ___sincos_stret
0x10001C6F0	0x00000006	[ 80] ___stack_chk_fail
0x10001C6F6	0x00000006	[ 80] _atan2
0x10001C6FC	0x00000006	[ 80] _close
0x10001C702	0x00000006	[ 80] _exit
0x10001C708	0x00000006	[ 80] _exp
0x10001C70E	0x00000006	[ 80] _floor
0x10001C714	0x00000006	[ 80] _fmod
0x10001C71A	0x00000006	[ 80] _log
0x10001C720	0x00000006	[ 80] _malloc
0x10001C726	0x00000006	[ 80] _memchr
0x10001C72C	0x00000006	[ 80] _memcmp
0x10001C732	0x00000006	[ 80] _memcpy
0x10001C738	0x00000006	[ 80] _memmove
0x10001C73E	0x00000006	[ 80] _memset
0x10001C744	0x00000006	[ 80] _nan
0x10001C74A	0x00000006	[ 80] _open
0x10001C750	0x00000006	[ 80] _pow
0x10001C756	0x00000006	[ 80] _printf
0x10001C75C	0x00000006	[ 80] _puts
0x10001C762	0x00000006	[ 80] _read
0x10001C768	0x00000006	[ 80] _strchr
0x10001C76E	0x00000006	[ 80] _strcmp
0x10001C774	0x00000006	[ 80] _strlen
0x10001C77A	0x00000006	[ 80] _strncmp
0x10001C780	0x00000006	[ 80] _strtol
0x10001C786	0x00000006	[ 80] _write
0x10001C78C	0x00000010	[  0] helper helper
0x10001C79C	0x0000000A	[ 80] ___assert_rtn
0x10001C7A6	0x0000000A	[ 80] ___bzero
0x10001C7B0	0x0000000A	[ 80] ___error
0x10001C7BA	0x0000000A	[ 80] ___exp10
0x10001C7C4	0x0000000A	[ 80] ___fpclassifyd
0x10001C7CE	0x0000000A	[ 80] ___sincos_stret
0x10001C7D8	0x0000000A	[ 80] ___stack_chk_fail
0x10001C7E2	0x0000000A	[ 80] _atan2
0x10001C7EC	0x0000000A	[ 80] _close
0x10001C7F6	0x0000000A	[ 80] _exit
0x10001C800	0x0000000A	[ 80] _exp
0x10001C80A	0x0000000A	[ 80] _floor
0x10001C814	0x0000000A	[ 80] _fmod
0x10001C81E	0x0000000A	[ 80] _log
0x10001C828	0x0000000A	[ 80] _malloc
0x10001C832	0x0000000A	[ 80] _memchr
0x10001C83C	0x0000000A	[ 80] _memcmp
0x10001C846	0x0000000A	[ 80] _memcpy
0x10001C850	0x0000000A	[ 80] _memmove
0x10001C85A	0x0000000A	[ 80] _memset
0x10001C864	0x0000000A	[ 80] _nan
0x10001C86E	0x0000000A	[ 80] _open
0x10001C878	0x0000000A	[ 80] _pow
0x10001C882	0x0000000A	[ 80] _printf
0x10001C88C	0x0000000A	[ 80] _puts
0x10001C896	0x0000000A	[ 80] _read
0x10001C8A0	0x0000000A	[ 80] _strchr
0x10001C8AA	0x0000000A	[ 80] _strcmp
0x10001C8B4	0x0000000A	[ 80] _strlen
0x10001C8BE	0x0000000A	[ 80] _strncmp
0x10001C8C8	0x0000000A	[ 80] _strtol
0x10001C8D2	0x0000000A	[ 80] _write
0x10001C8E0	0x00000008	[  4] literal string: gc_free
0x10001C8E8	0x0000000B	[  4] literal string: ../py/gc.c
0x10001C8F3	0x00000010	[  4] literal string: VERIFY_PTR(ptr)
0x10001C903	0x0000001F	[  4] literal string: ATB_GET_KIND(block) == AT_HEAD
0x10001C922	0x0000000B	[  4] literal string: gc_realloc
0x10001C92D	0x0000001C	[  4] literal string: ATB_GET_KIND(bl) == AT_FREE
0x10001C949	0x00000003	[  4] literal string: %c
0x10001C94C	0x00000002	[  4] literal string: \n
0x10001C94E	0x00000005	[  5] literal string: èµ*
0x10001C953	0x00000005	[  5] literal string: ˙µ_
0x10001C958	0x00000005	[  5] literal string: äµ/
0x10001C95D	0x00000007	[  5] literal string: l%#o
0x10001C964	0x00000007	[  5] literal string: {%#x
0x10001C96B	0x00000009	[  5] literal string: X7{:#b}
0x10001C974	0x00000005	[  5] literal string: Øµ\n
0x10001C979	0x00000024	[  5] literal string: s maximum recursion depth exceeded
0x10001C99D	0x0000000C	[  5] literal string: Ωî<module>
0x10001C9A9	0x0000000C	[  5] literal string: Äå<lambda>
0x10001C9B5	0x0000000E	[  5] literal string: ‘\n<listcomp>
0x10001C9C3	0x0000000E	[  5] literal string: Ãç\n<dictcomp>
0x10001C9D1	0x0000000D	[  5] literal string: TQ	<setcomp>
0x10001C9DE	0x0000000D	[  5] literal string: 4j	<genexpr>
0x10001C9EB	0x0000000C	[  5] literal string: RS<string>
0x10001C9F7	0x0000000B	[  5] literal string: „c<stdin>
0x10001CA02	0x00000009	[  5] literal string: ∑Çutf-8
0x10001CA0B	0x0000000E	[  5] literal string: {j\n__locals__
0x10001CA19	0x0000000F	[  5] literal string: YBufferError
0x10001CA28	0x00000013	[  5] literal string: [FileExistsError
0x10001CA3B	0x00000015	[  5] literal string: xâFileNotFoundError
0x10001CA50	0x00000016	[  5] literal string: 4FloatingPointError
0x10001CA66	0x00000015	[  5] literal string: ô"UnboundLocalError
0x10001CA7B	0x00000013	[  5] literal string: -åArithmeticError
0x10001CA8E	0x00000012	[  5] literal string: óZAssertionError
0x10001CAA0	0x00000012	[  5] literal string: !ﬁAttributeError
0x10001CAB2	0x00000011	[  5] literal string: íBaseException
0x10001CAC3	0x0000000C	[  5] literal string: ëøEOFError
0x10001CACF	0x0000000C	[  5] literal string: ‡Ellipsis
0x10001CADB	0x0000000D	[  5] literal string: Ú)	Exception
0x10001CAE8	0x00000011	[  5] literal string: bGeneratorExit
0x10001CAF9	0x0000000F	[  5] literal string:  úImportError
0x10001CB08	0x00000014	[  5] literal string: \ IndentationError
0x10001CB1C	0x0000000E	[  5] literal string: É≠\nIndexError
0x10001CB2A	0x00000015	[  5] literal string: Ø‚KeyboardInterrupt
0x10001CB3F	0x0000000F	[  5] literal string: ˇiLookupError
0x10001CB4E	0x0000000F	[  5] literal string: ‹ÉMemoryError
0x10001CB5D	0x0000000D	[  5] literal string: ∫-	NameError
0x10001CB6A	0x0000000C	[  5] literal string: hNoneType
0x10001CB76	0x00000017	[  5] literal string: ∆òNotImplementedError
0x10001CB8D	0x0000000B	[  5] literal string: °eOSError
0x10001CB98	0x00000011	[  5] literal string: Å·OverflowError
0x10001CBA9	0x00000010	[  5] literal string: aÒRuntimeError
0x10001CBB9	0x00000016	[  5] literal string: ÏStopAsyncIteration
0x10001CBCF	0x00000011	[  5] literal string: ÍStopIteration
0x10001CBE0	0x0000000F	[  5] literal string: îèSyntaxError
0x10001CBEF	0x0000000E	[  5] literal string:  ˇ\nSystemExit
0x10001CBFD	0x0000000D	[  5] literal string: %ñ	TypeError
0x10001CC0A	0x00000010	[  5] literal string: "—UnicodeError
0x10001CC1A	0x0000000E	[  5] literal string: ñá\nValueError
0x10001CC28	0x00000015	[  5] literal string: ∂'ZeroDivisionError
0x10001CC3D	0x0000000B	[  5] literal string: ƒÇ__add__
0x10001CC48	0x0000000E	[  5] literal string: LÑ\n__aenter__
0x10001CC56	0x0000000D	[  5] literal string: ƒœ	__aexit__
0x10001CC63	0x0000000D	[  5] literal string: N+	__aiter__
0x10001CC70	0x0000000D	[  5] literal string: É¥	__anext__
0x10001CC7D	0x0000000C	[  5] literal string: +e__bool__
0x10001CC89	0x00000013	[  5] literal string: Bà__build_class__
0x10001CC9C	0x0000000C	[  5] literal string: ß˘__call__
0x10001CCA8	0x0000000D	[  5] literal string: +≈	__class__
0x10001CCB5	0x00000010	[  5] literal string: ∆___contains__
0x10001CCC5	0x0000000F	[  5] literal string: ˝5__delitem__
0x10001CCD4	0x0000000C	[  5] literal string: T__dict__
0x10001CCE0	0x0000000D	[  5] literal string: m∫	__enter__
0x10001CCED	0x0000000A	[  5] literal string: q>__eq__
0x10001CCF7	0x0000000C	[  5] literal string: E¯__exit__
0x10001CD03	0x0000000A	[  5] literal string: ßF__ge__
0x10001CD0D	0x0000000F	[  5] literal string: @¯__getattr__
0x10001CD1C	0x0000000F	[  5] literal string: &9__getitem__
0x10001CD2B	0x0000000A	[  5] literal string: ∂Ç__gt__
0x10001CD35	0x0000000C	[  5] literal string: ˜»__hash__
0x10001CD41	0x0000000E	[  5] literal string: 8>\n__import__
0x10001CD4F	0x0000000C	[  5] literal string: _•__init__
0x10001CD5B	0x0000000C	[  5] literal string: œ2__iter__
0x10001CD67	0x0000000A	[  5] literal string: Ã__le__
0x10001CD71	0x0000000B	[  5] literal string: ‚∞__len__
0x10001CD7C	0x0000000A	[  5] literal string: ]h__lt__
0x10001CD86	0x0000000C	[  5] literal string: é__main__
0x10001CD92	0x0000000E	[  5] literal string: ˇ0\n__module__
0x10001CDA0	0x0000000C	[  5] literal string: ‚8__name__
0x10001CDAC	0x0000000B	[  5] literal string: y__new__
0x10001CDB7	0x0000000C	[  5] literal string: s__next__
0x10001CDC3	0x0000000C	[  5] literal string: »#__path__
0x10001CDCF	0x0000000C	[  5] literal string: __repr__
0x10001CDDB	0x00000010	[  5] literal string: aˇ__reversed__
0x10001CDEB	0x0000000F	[  5] literal string: 2>__setitem__
0x10001CDFA	0x0000000B	[  5] literal string: –Õ__str__
0x10001CE05	0x0000000B	[  5] literal string: !	__sub__
0x10001CE10	0x00000011	[  5] literal string: Oœ__traceback__
0x10001CE21	0x00000007	[  5] literal string: ï2abs
0x10001CE28	0x00000007	[  5] literal string: D2add
0x10001CE2F	0x00000007	[  5] literal string: D3all
0x10001CE36	0x00000007	[  5] literal string: 3any
0x10001CE3D	0x0000000A	[  5] literal string: kóappend
0x10001CE47	0x00000008	[  5] literal string: ¬∆args
0x10001CE4F	0x00000007	[  5] literal string: ‡Hbin
0x10001CE56	0x00000008	[  5] literal string: Î<bool
0x10001CE5E	0x00000010	[  5] literal string: ó¢bound_method
0x10001CE6E	0x0000000C	[  5] literal string: ˜1builtins
0x10001CE7A	0x0000000D	[  5] literal string: v£	bytearray
0x10001CE87	0x0000000C	[  5] literal string: "}bytecode
0x10001CE93	0x00000009	[  5] literal string: \≤bytes
0x10001CE9C	0x0000000C	[  5] literal string: M8calcsize
0x10001CEA8	0x0000000C	[  5] literal string: pcallable
0x10001CEB4	0x00000007	[  5] literal string: ‹Lchr
0x10001CEBB	0x0000000F	[  5] literal string: ¥åclassmethod
0x10001CECA	0x00000009	[  5] literal string: |†clear
0x10001CED3	0x00000009	[  5] literal string: 3gclose
0x10001CEDC	0x0000000B	[  5] literal string: t closure
0x10001CEE7	0x0000000B	[  5] literal string: ≈ùcomplex
0x10001CEF2	0x00000009	[  5] literal string: ¿ˇconst
0x10001CEFB	0x00000008	[  5] literal string: ‡€copy
0x10001CF03	0x00000009	[  5] literal string: ¶Mcount
0x10001CF0C	0x0000000A	[  5] literal string: ©Ydecode
0x10001CF16	0x0000000B	[  5] literal string: Œ}default
0x10001CF21	0x0000000B	[  5] literal string: €»delattr
0x10001CF2C	0x0000000B	[  5] literal string: n€deleter
0x10001CF37	0x00000008	[  5] literal string: ?¸dict
0x10001CF3F	0x0000000D	[  5] literal string: -©	dict_view
0x10001CF4C	0x0000000E	[  5] literal string: r$\ndifference
0x10001CF5A	0x00000015	[  5] literal string: ú˙difference_update
0x10001CF6F	0x00000007	[  5] literal string: ˙dir
0x10001CF76	0x0000000B	[  5] literal string: qdiscard
0x10001CF81	0x0000000A	[  5] literal string: ∏divmod
0x10001CF8B	0x00000007	[  5] literal string: -doc
0x10001CF92	0x0000000A	[  5] literal string: C encode
0x10001CF9C	0x00000007	[  5] literal string: \n#end
0x10001CFA3	0x0000000C	[  5] literal string: £endswith
0x10001CFAF	0x0000000D	[  5] literal string: q∫	enumerate
0x10001CFBC	0x00000008	[  5] literal string: õ¶eval
0x10001CFC4	0x00000008	[  5] literal string: ¿exec
0x10001CFCC	0x0000000A	[  5] literal string: cËextend
0x10001CFD6	0x0000000A	[  5] literal string: %æfilter
0x10001CFE0	0x00000009	[  5] literal string: 5Dfloat
0x10001CFE9	0x0000000A	[  5] literal string: &3format
0x10001CFF3	0x0000000E	[  5] literal string: 5t\nfrom_bytes
0x10001D001	0x0000000C	[  5] literal string: 7Ωfromkeys
0x10001D00D	0x0000000C	[  5] literal string: 'function
0x10001D019	0x0000000D	[  5] literal string: ñ√	generator
0x10001D026	0x00000007	[  5] literal string: 3;get
0x10001D02D	0x0000000B	[  5] literal string: ¿getattr
0x10001D038	0x0000000A	[  5] literal string: ê≤getter
0x10001D042	0x0000000B	[  5] literal string: ùIglobals
0x10001D04D	0x0000000B	[  5] literal string: å∞hasattr
0x10001D058	0x00000008	[  5] literal string: ∑phash
0x10001D060	0x0000000D	[  5] literal string: ≠å	heap_lock
0x10001D06D	0x0000000F	[  5] literal string: V-heap_unlock
0x10001D07C	0x00000007	[  5] literal string: pPhex
0x10001D083	0x00000006	[  5] literal string: (oid
0x10001D089	0x00000008	[  5] literal string: G∑imag
0x10001D091	0x00000009	[  5] literal string: {(index
0x10001D09A	0x0000000A	[  5] literal string: Tinsert
0x10001D0A4	0x00000007	[  5] literal string: Sint
0x10001D0AB	0x00000010	[  5] literal string: (*intersection
0x10001D0BB	0x00000017	[  5] literal string: ›intersection_update
0x10001D0D2	0x0000000B	[  5] literal string: Î7isalpha
0x10001D0DD	0x0000000B	[  5] literal string: ®öisdigit
0x10001D0E8	0x0000000E	[  5] literal string: ˜h\nisdisjoint
0x10001D0F6	0x0000000E	[  5] literal string: ∂æ\nisinstance
0x10001D104	0x0000000B	[  5] literal string: ¸Äislower
0x10001D10F	0x0000000B	[  5] literal string: [¯isspace
0x10001D11A	0x0000000E	[  5] literal string: µ\nissubclass
0x10001D128	0x0000000C	[  5] literal string: π¡issubset
0x10001D134	0x0000000E	[  5] literal string: ¸Ï\nissuperset
0x10001D142	0x0000000B	[  5] literal string: ›ßisupper
0x10001D14D	0x00000009	[  5] literal string: „Sitems
0x10001D156	0x00000008	[  5] literal string: è!iter
0x10001D15E	0x0000000C	[  5] literal string: %íiterable
0x10001D16A	0x0000000C	[  5] literal string: Gæiterator
0x10001D176	0x00000008	[  5] literal string: ß\join
0x10001D17E	0x00000007	[  5] literal string: 2mkey
0x10001D185	0x00000008	[  5] literal string: keys
0x10001D18D	0x00000007	[  5] literal string: b@len
0x10001D194	0x00000008	[  5] literal string: 'list
0x10001D19C	0x0000000A	[  5] literal string: âjlittle
0x10001D1A6	0x0000000A	[  5] literal string: ;°locals
0x10001D1B0	0x00000009	[  5] literal string: ∆Àlower
0x10001D1B9	0x0000000A	[  5] literal string: Âπlstrip
0x10001D1C3	0x00000007	[  5] literal string: πCmap
0x10001D1CA	0x00000007	[  5] literal string: ±Cmax
0x10001D1D1	0x0000000F	[  5] literal string: |micropython
0x10001D1E0	0x00000007	[  5] literal string: ØBmin
0x10001D1E7	0x0000000A	[  5] literal string: øômodule
0x10001D1F1	0x00000008	[  5] literal string: Bànext
0x10001D1F9	0x0000000A	[  5] literal string: êçobject
0x10001D203	0x00000007	[  5] literal string: ˝\oct
0x10001D20A	0x0000000D	[  5] literal string: ág	opt_level
0x10001D217	0x00000007	[  5] literal string: ^ord
0x10001D21E	0x00000008	[  5] literal string: º—pack
0x10001D226	0x0000000D	[  5] literal string: ©	pack_into
0x10001D233	0x00000007	[  5] literal string: *spop
0x10001D23A	0x0000000B	[  5] literal string: ø,popitem
0x10001D245	0x00000007	[  5] literal string: -spow
0x10001D24C	0x00000009	[  5] literal string: T∆print
0x10001D255	0x0000000C	[  5] literal string: ¬)property
0x10001D261	0x00000009	[  5] literal string: ^range
0x10001D26A	0x00000008	[  5] literal string: ø˘real
0x10001D272	0x0000000A	[  5] literal string: cäremove
0x10001D27C	0x0000000B	[  5] literal string: I%replace
0x10001D287	0x00000008	[  5] literal string: –˜repr
0x10001D28F	0x0000000B	[  5] literal string: %*reverse
0x10001D29A	0x0000000C	[  5] literal string: °nreversed
0x10001D2A6	0x00000009	[  5] literal string: “úrfind
0x10001D2AF	0x0000000A	[  5] literal string: È+rindex
0x10001D2B9	0x00000009	[  5] literal string: Á%round
0x10001D2C2	0x0000000A	[  5] literal string: ;ïrstrip
0x10001D2CC	0x00000008	[  5] literal string: πvsend
0x10001D2D4	0x00000007	[  5] literal string: #èsep
0x10001D2DB	0x00000007	[  5] literal string: 'èset
0x10001D2E2	0x0000000B	[  5] literal string: ‘®setattr
0x10001D2ED	0x0000000E	[  5] literal string: l£\nsetdefault
0x10001D2FB	0x0000000A	[  5] literal string: Ysetter
0x10001D305	0x00000009	[  5] literal string: µÙslice
0x10001D30E	0x00000008	[  5] literal string: øùsort
0x10001D316	0x0000000A	[  5] literal string: ^sorted
0x10001D320	0x00000009	[  5] literal string: ∑3split
0x10001D329	0x00000009	[  5] literal string: ÖÔstart
0x10001D332	0x0000000E	[  5] literal string: tË\nstartswith
0x10001D340	0x00000010	[  5] literal string: bØstaticmethod
0x10001D350	0x00000008	[  5] literal string: W6step
0x10001D358	0x00000008	[  5] literal string: ù6stop
0x10001D360	0x00000007	[  5] literal string: Pçstr
0x10001D367	0x00000009	[  5] literal string: )strip
0x10001D370	0x00000007	[  5] literal string: .çsum
0x10001D377	0x00000009	[  5] literal string: ƒ≤super
0x10001D380	0x00000018	[  5] literal string: Œgsymmetric_difference
0x10001D398	0x0000001F	[  5] literal string: `¯symmetric_difference_update
0x10001D3B7	0x00000009	[  5] literal string: ≥Dthrow
0x10001D3C0	0x0000000C	[  5] literal string: ÿ>to_bytes
0x10001D3CC	0x00000009	[  5] literal string: ˝Atuple
0x10001D3D5	0x00000008	[  5] literal string: ùtype
0x10001D3DD	0x00000009	[  5] literal string: ˆ|union
0x10001D3E6	0x0000000A	[  5] literal string: <unpack
0x10001D3F0	0x0000000F	[  5] literal string: munpack_from
0x10001D3FF	0x0000000A	[  5] literal string: ¥vupdate
0x10001D409	0x00000009	[  5] literal string: 'îupper
0x10001D412	0x0000000B	[  5] literal string: Gustruct
0x10001D41D	0x00000009	[  5] literal string: N4value
0x10001D426	0x0000000A	[  5] literal string: }ævalues
0x10001D430	0x00000007	[  5] literal string: Ê¨zip
0x10001D437	0x0000000F	[  5] literal string: qstr_from_strn
0x10001D446	0x0000000D	[  5] literal string: ../py/qstr.c
0x10001D453	0x0000002D	[  5] literal string: len < (1 << (8 * MICROPY_QSTR_BYTES_IN_LEN))
0x10001D480	0x00000011	[  5] literal string: qstr_build_start
0x10001D491	0x0000000E	[  6] literal string: vstr_add_char
0x10001D49F	0x0000000D	[  6] literal string: ../py/vstr.c
0x10001D4AC	0x0000000D	[  6] literal string: c < 0x110000
0x10001D4B9	0x00000010	[  7] literal string: mp_print_mp_int
0x10001D4C9	0x00000010	[  7] literal string: ../py/mpprint.c
0x10001D4D9	0x00000033	[  7] literal string: base == 2 || base == 8 || base == 10 || base == 16
0x10001D50C	0x00000005	[  7] literal string: true
0x10001D511	0x00000006	[  7] literal string: false
0x10001D517	0x00000007	[  7] literal string: (null)
0x10001D51E	0x0000000B	[  7] literal string: mp_vprintf
0x10001D529	0x00000027	[  7] literal string: *fmt == '%' || !"unsupported fmt char"
0x10001D550	0x00000011	[  9] literal string: mpz_set_from_str
0x10001D561	0x0000000C	[  9] literal string: ../py/mpz.c
0x10001D56D	0x0000000B	[  9] literal string: base <= 36
0x10001D578	0x00000010	[  9] literal string: mpz_divmod_inpl
0x10001D588	0x00000012	[  9] literal string: !mpz_is_zero(rhs)
0x10001D59A	0x0000000D	[  9] literal string: mpz_need_dig
0x10001D5A7	0x0000000E	[  9] literal string: !z->fixed_dig
0x10001D5B5	0x0000000B	[  9] literal string: mpn_or_neg
0x10001D5C0	0x0000000C	[  9] literal string: carryi == 0
0x10001D5CC	0x00000015	[ 11] literal string: unicode name escapes
0x10001D5E1	0x00000006	[ 11] literal string: False
0x10001D5E7	0x00000005	[ 11] literal string: None
0x10001D5EC	0x00000005	[ 11] literal string: True
0x10001D5F1	0x0000000A	[ 11] literal string: __debug__
0x10001D5FB	0x00000004	[ 11] literal string: and
0x10001D5FF	0x00000003	[ 11] literal string: as
0x10001D602	0x00000007	[ 11] literal string: assert
0x10001D609	0x00000006	[ 11] literal string: async
0x10001D60F	0x00000006	[ 11] literal string: await
0x10001D615	0x00000006	[ 11] literal string: break
0x10001D61B	0x00000006	[ 11] literal string: class
0x10001D621	0x00000009	[ 11] literal string: continue
0x10001D62A	0x00000004	[ 11] literal string: def
0x10001D62E	0x00000004	[ 11] literal string: del
0x10001D632	0x00000005	[ 11] literal string: elif
0x10001D637	0x00000005	[ 11] literal string: else
0x10001D63C	0x00000007	[ 11] literal string: except
0x10001D643	0x00000008	[ 11] literal string: finally
0x10001D64B	0x00000004	[ 11] literal string: for
0x10001D64F	0x00000005	[ 11] literal string: from
0x10001D654	0x00000007	[ 11] literal string: global
0x10001D65B	0x00000003	[ 11] literal string: if
0x10001D65E	0x00000007	[ 11] literal string: import
0x10001D665	0x00000003	[ 11] literal string: in
0x10001D668	0x00000003	[ 11] literal string: is
0x10001D66B	0x00000007	[ 11] literal string: lambda
0x10001D672	0x00000009	[ 11] literal string: nonlocal
0x10001D67B	0x00000004	[ 11] literal string: not
0x10001D67F	0x00000003	[ 11] literal string: or
0x10001D682	0x00000005	[ 11] literal string: pass
0x10001D687	0x00000006	[ 11] literal string: raise
0x10001D68D	0x00000007	[ 11] literal string: return
0x10001D694	0x00000004	[ 11] literal string: try
0x10001D698	0x00000006	[ 11] literal string: while
0x10001D69E	0x00000005	[ 11] literal string: with
0x10001D6A3	0x00000006	[ 11] literal string: yield
0x10001D6A9	0x00000041	[ 11] literal string: ()[]{},:;@~<e=c<e=>e=c>e=*e=c*e=+e=-e=e>&e=|e=/e=c/e=%e=^e==e=!.
0x10001D6EA	0x00000009	[ 12] literal string: mp_parse
0x10001D6F3	0x0000000E	[ 12] literal string: ../py/parse.c
0x10001D701	0x00000016	[ 12] literal string: kind == RULE_ARG_RULE
0x10001D717	0x00000006	[ 12] literal string: i > 0
0x10001D71D	0x00000007	[ 12] literal string: i == n
0x10001D724	0x00000032	[ 12] literal string: (rule->act & RULE_ACT_KIND_MASK) == RULE_ACT_LIST
0x10001D756	0x0000002C	[ 12] literal string: (arg & RULE_ARG_KIND_MASK) == RULE_ARG_RULE
0x10001D782	0x00000007	[ 12] literal string: i >= 1
0x10001D789	0x00000012	[ 12] literal string: unexpected indent
0x10001D79B	0x00000034	[ 12] literal string: unindent does not match any outer indentation level
0x10001D7CF	0x0000000F	[ 12] literal string: invalid syntax
0x10001D7DE	0x0000001D	[ 12] literal string: parser.result_stack_top == 1
0x10001D7FB	0x00000013	[ 12] literal string: push_rule_from_arg
0x10001D80E	0x0000005F	[ 12] literal string: (arg & RULE_ARG_KIND_MASK) == RULE_ARG_RULE || (arg & RULE_ARG_KIND_MASK) == RULE_ARG_OPT_RULE
0x10001D86D	0x0000000C	[ 12] literal string: peek_result
0x10001D879	0x0000001F	[ 12] literal string: parser->result_stack_top > pos
0x10001D898	0x0000000B	[ 12] literal string: pop_result
0x10001D8A3	0x0000001D	[ 12] literal string: parser->result_stack_top > 0
0x10001D8C0	0x0000000F	[ 12] literal string: fold_constants
0x10001D8CF	0x00000019	[ 12] literal string: tok == MP_TOKEN_OP_TILDE
0x10001D8E8	0x0000001C	[ 12] literal string: constant must be an integer
0x10001D904	0x0000001B	[ 12] literal string: elem->value == MP_OBJ_NULL
0x10001D91F	0x00000024	[ 12] literal string: MP_PARSE_NODE_IS_ID(pns1->nodes[0])
0x10001D943	0x0000000A	[ 13] literal string: scope_new
0x10001D94D	0x0000000E	[ 13] literal string: ../py/scope.c
0x10001D95B	0x0000001C	[ 13] literal string: MP_PARSE_NODE_IS_STRUCT(pn)
0x10001D977	0x0000001C	[ 13] literal string: scope_close_over_in_parents
0x10001D993	0x00000012	[ 13] literal string: s->parent != NULL
0x10001D9A5	0x0000003F	[ 13] literal string: id->kind == ID_INFO_KIND_FREE || id->kind == ID_INFO_KIND_CELL
0x10001D9E4	0x0000000E	[ 14] literal string: compile_scope
0x10001D9F2	0x00000010	[ 14] literal string: ../py/compile.c
0x10001DA02	0x0000001C	[ 14] literal string: scope->kind == SCOPE_MODULE
0x10001DA1E	0x00000023	[ 14] literal string: MP_PARSE_NODE_IS_STRUCT(scope->pn)
0x10001DA41	0x0000002D	[ 14] literal string: MP_PARSE_NODE_STRUCT_KIND(pns) == PN_funcdef
0x10001DA6E	0x00000029	[ 14] literal string: MP_PARSE_NODE_STRUCT_NUM_NODES(pns) == 3
0x10001DA97	0x00000029	[ 14] literal string: MP_PARSE_NODE_STRUCT_NUM_NODES(pns) == 2
0x10001DAC0	0x00000039	[ 14] literal string: MP_PARSE_NODE_IS_STRUCT_KIND(pns->nodes[1], PN_comp_for)
0x10001DAF9	0x00000006	[ 14] literal string: added
0x10001DAFF	0x0000001B	[ 14] literal string: scope->kind == SCOPE_CLASS
0x10001DB1A	0x0000002E	[ 14] literal string: MP_PARSE_NODE_STRUCT_KIND(pns) == PN_classdef
0x10001DB48	0x0000000B	[ 14] literal string: id != NULL
0x10001DB53	0x0000001C	[ 14] literal string: comp->cur_except_level == 0
0x10001DB6F	0x0000000D	[ 14] literal string: compile_node
0x10001DB7C	0x00000032	[ 14] literal string: MP_PARSE_NODE_STRUCT_KIND(pns) <= PN_const_object
0x10001DBAE	0x00000012	[ 14] literal string: compile_decorated
0x10001DBC0	0x00000035	[ 14] literal string: MP_PARSE_NODE_IS_STRUCT_KIND(nodes[i], PN_decorator)
0x10001DBF5	0x00000023	[ 14] literal string: MP_PARSE_NODE_IS_ID(name_nodes[j])
0x10001DC18	0x0000002C	[ 14] literal string: MP_PARSE_NODE_IS_STRUCT(pns_body->nodes[0])
0x10001DC44	0x00000033	[ 14] literal string: MP_PARSE_NODE_STRUCT_KIND(pns_body) == PN_classdef
0x10001DC77	0x0000001E	[ 14] literal string: invalid micropython decorator
0x10001DC95	0x0000001E	[ 14] literal string: compile_funcdef_lambdef_param
0x10001DCB3	0x0000001F	[ 14] literal string: pn_kind == PN_varargslist_name
0x10001DCD2	0x0000002E	[ 14] literal string: non-default argument follows default argument
0x10001DD00	0x00000019	[ 14] literal string: close_over_variables_etc
0x10001DD19	0x00000014	[ 14] literal string: n_pos_defaults >= 0
0x10001DD2D	0x00000013	[ 14] literal string: n_kw_defaults >= 0
0x10001DD40	0x00000017	[ 14] literal string: can't have multiple *x
0x10001DD57	0x00000018	[ 14] literal string: can't have multiple **x
0x10001DD6F	0x00000021	[ 14] literal string: LHS of keyword arg must be an id
0x10001DD90	0x0000001B	[ 14] literal string: non-keyword arg after */**
0x10001DDAB	0x00000022	[ 14] literal string: non-keyword arg after keyword arg
0x10001DDCD	0x00000016	[ 14] literal string: compile_comprehension
0x10001DDE3	0x00000012	[ 14] literal string: compile_expr_stmt
0x10001DDF5	0x00000027	[ 14] literal string: MP_PARSE_NODE_IS_TOKEN(pns1->nodes[0])
0x10001DE1C	0x00000009	[ 14] literal string: c_assign
0x10001DE25	0x0000001B	[ 14] literal string: !MP_PARSE_NODE_IS_NULL(pn)
0x10001DE40	0x0000003E	[ 14] literal string: MP_PARSE_NODE_IS_STRUCT_KIND(pns->nodes[0], PN_testlist_comp)
0x10001DE7E	0x00000026	[ 14] literal string: MP_PARSE_NODE_IS_NULL(pns2->nodes[0])
0x10001DEA4	0x0000001B	[ 14] literal string: can't assign to expression
0x10001DEBF	0x00000013	[ 14] literal string: c_assign_atom_expr
0x10001DED2	0x0000002C	[ 14] literal string: MP_PARSE_NODE_IS_STRUCT(pns1->nodes[n - 1])
0x10001DEFE	0x0000001A	[ 14] literal string: multiple *x in assignment
0x10001DF18	0x0000000B	[ 14] literal string: c_del_stmt
0x10001DF23	0x00000033	[ 14] literal string: MP_PARSE_NODE_IS_STRUCT_KIND(pn, PN_testlist_comp)
0x10001DF56	0x00000026	[ 14] literal string: MP_PARSE_NODE_IS_NULL(pns1->nodes[0])
0x10001DF7C	0x00000018	[ 14] literal string: can't delete expression
0x10001DF94	0x00000015	[ 14] literal string: 'break' outside loop
0x10001DFA9	0x00000013	[ 14] literal string: compile_break_stmt
0x10001DFBC	0x0000003C	[ 14] literal string: comp->cur_except_level >= comp->break_continue_except_level
0x10001DFF8	0x00000018	[ 14] literal string: 'continue' outside loop
0x10001E010	0x00000016	[ 14] literal string: compile_continue_stmt
0x10001E026	0x0000001A	[ 14] literal string: 'return' outside function
0x10001E040	0x0000000A	[ 14] literal string: c_if_cond
0x10001E04A	0x0000000F	[ 14] literal string: do_import_name
0x10001E059	0x00000031	[ 14] literal string: MP_PARSE_NODE_IS_STRUCT_KIND(pn, PN_dotted_name)
0x10001E08A	0x00000014	[ 14] literal string: compile_import_from
0x10001E09E	0x00000029	[ 14] literal string: !MP_PARSE_NODE_IS_NULL(pn_import_source)
0x10001E0C7	0x0000003D	[ 14] literal string: MP_PARSE_NODE_IS_STRUCT_KIND(pn_nodes[i], PN_import_as_name)
0x10001E104	0x0000001F	[ 14] literal string: identifier redefined as global
0x10001E123	0x00000025	[ 14] literal string: can't declare nonlocal in outer code
0x10001E148	0x0000001E	[ 14] literal string: no binding for nonlocal found
0x10001E166	0x00000021	[ 14] literal string: identifier redefined as nonlocal
0x10001E187	0x00000013	[ 14] literal string: compile_async_stmt
0x10001E19A	0x00000027	[ 14] literal string: MP_PARSE_NODE_IS_STRUCT(pns->nodes[0])
0x10001E1C1	0x00000030	[ 14] literal string: MP_PARSE_NODE_STRUCT_KIND(pns0) == PN_with_stmt
0x10001E1F1	0x0000001E	[ 14] literal string: compile_decrease_except_level
0x10001E20F	0x0000001B	[ 14] literal string: comp->cur_except_level > 0
0x10001E22A	0x00000018	[ 14] literal string: compile_async_with_stmt
0x10001E242	0x00000006	[ 14] literal string: n > 0
0x10001E248	0x00000010	[ 14] literal string: compile_if_stmt
0x10001E258	0x0000003A	[ 14] literal string: MP_PARSE_NODE_IS_STRUCT_KIND(pn_elif[i], PN_if_stmt_elif)
0x10001E292	0x00000021	[ 14] literal string: compile_for_stmt_optimised_range
0x10001E2B3	0x00000024	[ 14] literal string: MP_PARSE_NODE_IS_SMALL_INT(pn_step)
0x10001E2D7	0x00000011	[ 14] literal string: compile_try_stmt
0x10001E2E8	0x00000027	[ 14] literal string: MP_PARSE_NODE_IS_STRUCT(pns->nodes[1])
0x10001E30F	0x00000014	[ 14] literal string: compile_try_finally
0x10001E323	0x0000001F	[ 14] literal string: MP_PARSE_NODE_IS_NULL(pn_else)
0x10001E342	0x00000013	[ 14] literal string: compile_try_except
0x10001E355	0x00000040	[ 14] literal string: MP_PARSE_NODE_IS_STRUCT_KIND(pn_excepts[i], PN_try_stmt_except)
0x10001E395	0x0000001E	[ 14] literal string: default 'except' must be last
0x10001E3B3	0x00000012	[ 14] literal string: compile_with_stmt
0x10001E3C5	0x00000015	[ 14] literal string: compile_test_if_expr
0x10001E3DA	0x0000003D	[ 14] literal string: MP_PARSE_NODE_IS_STRUCT_KIND(pns->nodes[1], PN_test_if_else)
0x10001E417	0x00000013	[ 14] literal string: compile_comparison
0x10001E42A	0x00000027	[ 14] literal string: MP_PARSE_NODE_IS_STRUCT(pns->nodes[i])
0x10001E451	0x00000016	[ 14] literal string: kind == PN_comp_op_is
0x10001E467	0x0000001D	[ 14] literal string: *x must be assignment target
0x10001E484	0x0000000D	[ 14] literal string: compile_term
0x10001E491	0x0000001C	[ 14] literal string: tok == MP_TOKEN_OP_DBL_MORE
0x10001E4AD	0x00000011	[ 14] literal string: compile_factor_2
0x10001E4BE	0x00000019	[ 14] literal string: 'await' outside function
0x10001E4D7	0x00000018	[ 14] literal string: super() can't find self
0x10001E4EF	0x00000013	[ 14] literal string: compile_atom_paren
0x10001E502	0x00000026	[ 14] literal string: !MP_PARSE_NODE_IS_NULL(pns->nodes[1])
0x10001E528	0x00000015	[ 14] literal string: compile_atom_bracket
0x10001E53D	0x00000026	[ 14] literal string: MP_PARSE_NODE_IS_NULL(pns3->nodes[0])
0x10001E563	0x00000013	[ 14] literal string: compile_atom_brace
0x10001E576	0x0000001D	[ 14] literal string: expecting key:value for dict
0x10001E593	0x0000001F	[ 14] literal string: expecting just a value for set
0x10001E5B2	0x0000002F	[ 14] literal string: MP_PARSE_NODE_STRUCT_KIND(pns1) == PN_comp_for
0x10001E5E1	0x00000014	[ 14] literal string: compile_subscript_2
0x10001E5F5	0x0000001B	[ 14] literal string: compile_subscript_3_helper
0x10001E610	0x00000031	[ 14] literal string: MP_PARSE_NODE_STRUCT_KIND(pns) == PN_subscript_3
0x10001E641	0x0000002D	[ 14] literal string: MP_PARSE_NODE_STRUCT_KIND(pns) == PN_sliceop
0x10001E66E	0x00000019	[ 14] literal string: 'yield' outside function
0x10001E687	0x00000020	[ 14] literal string: compile_scope_func_lambda_param
0x10001E6A7	0x00000037	[ 14] literal string: MP_PARSE_NODE_IS_STRUCT_KIND(pns->nodes[0], PN_tfpdef)
0x10001E6DE	0x0000002E	[ 14] literal string: MP_PARSE_NODE_STRUCT_KIND(pns) == pn_dbl_star
0x10001E70C	0x00000019	[ 14] literal string: name reused for argument
0x10001E725	0x00000018	[ 14] literal string: compile_scope_comp_iter
0x10001E73D	0x0000004B	[ 14] literal string: MP_PARSE_NODE_STRUCT_KIND((mp_parse_node_struct_t*)pn_iter) == PN_comp_for
0x10001E788	0x00000015	[ 14] literal string: scope_compute_things
0x10001E79D	0x00000021	[ 14] literal string: !(id2->flags & ID_FLAG_IS_PARAM)
0x10001E7BE	0x00000015	[ 15] literal string: mp_emit_common_id_op
0x10001E7D3	0x00000013	[ 15] literal string: ../py/emitcommon.c
0x10001E7E6	0x0000003F	[ 15] literal string: id->kind == ID_INFO_KIND_CELL || id->kind == ID_INFO_KIND_FREE
0x10001E825	0x00000016	[ 16] literal string: mp_emit_bc_start_pass
0x10001E83B	0x0000000F	[ 16] literal string: ../py/emitbc.c
0x10001E84A	0x00000014	[ 16] literal string: id->local_num < 255
0x10001E85E	0x00000014	[ 16] literal string: mp_emit_bc_end_pass
0x10001E872	0x00000016	[ 16] literal string: emit->stack_size == 0
0x10001E888	0x0000004B	[ 16] literal string: emit->pass <= MP_PASS_STACK_SIZE || (emit->ct_num_obj == emit->ct_cur_obj)
0x10001E8D3	0x0000001D	[ 16] literal string: mp_emit_bc_adjust_stack_size
0x10001E8F0	0x00000028	[ 16] literal string: (mp_int_t)emit->stack_size + delta >= 0
0x10001E918	0x00000018	[ 16] literal string: mp_emit_bc_label_assign
0x10001E930	0x00000019	[ 16] literal string: l < emit->max_num_labels
0x10001E949	0x00000028	[ 16] literal string: emit->label_offsets[l] == (mp_uint_t)-1
0x10001E971	0x00000030	[ 16] literal string: emit->label_offsets[l] == emit->bytecode_offset
0x10001E9A1	0x0000001A	[ 16] literal string: mp_emit_bc_load_const_tok
0x10001E9BB	0x00000019	[ 16] literal string: tok == MP_TOKEN_ELLIPSIS
0x10001E9D4	0x00000018	[ 16] literal string: mp_emit_bc_make_closure
0x10001E9EC	0x00000015	[ 16] literal string: n_closed_over <= 255
0x10001EA01	0x00000019	[ 16] literal string: mp_emit_bc_raise_varargs
0x10001EA1A	0x0000000C	[ 16] literal string: n_args <= 2
0x10001EA26	0x00000020	[ 16] literal string: emit_get_cur_to_write_code_info
0x10001EA46	0x00000044	[ 16] literal string: emit->code_info_offset + num_bytes_to_write <= emit->code_info_size
0x10001EA8A	0x0000001A	[ 16] literal string: emit_write_code_info_qstr
0x10001EAA4	0x00000011	[ 16] literal string: (qst >> 16) == 0
0x10001EAB5	0x0000001F	[ 16] literal string: emit_get_cur_to_write_bytecode
0x10001EAD4	0x00000042	[ 16] literal string: emit->bytecode_offset + num_bytes_to_write <= emit->bytecode_size
0x10001EB16	0x00000021	[ 16] literal string: emit_write_code_info_bytes_lines
0x10001EB37	0x00000027	[ 16] literal string: bytes_to_skip > 0 || lines_to_skip > 0
0x10001EB5E	0x0000001E	[ 16] literal string: emit_write_bytecode_byte_qstr
0x10001EB7C	0x00000010	[ 17] literal string: mp_format_float
0x10001EB8C	0x00000014	[ 17] literal string: ../py/formatfloat.c
0x10001EBA0	0x00000022	[ 17] literal string: (size_t)(s + 1 - buf) <= buf_size
0x10001EBC2	0x00000023	[ 19] literal string: int() arg 2 must be >= 2 and <= 36
0x10001EBE5	0x0000002A	[ 19] literal string: invalid syntax for integer with base %d: 
0x10001EC0F	0x0000001A	[ 19] literal string: invalid syntax for number
0x10001EC29	0x00000017	[ 21] literal string: can only save bytecode
0x10001EC40	0x00000009	[ 21] literal string: save_obj
0x10001EC49	0x00000017	[ 21] literal string: ../py/persistentcode.c
0x10001EC60	0x00000013	[ 21] literal string: mp_obj_is_float(o)
0x10001EC73	0x0000000C	[ 22] literal string: mp_unary_op
0x10001EC7F	0x00000010	[ 22] literal string: ../py/runtime.c
0x10001EC8F	0x00000019	[ 22] literal string: op == MP_UNARY_OP_INVERT
0x10001ECA8	0x0000001E	[ 22] literal string: unsupported type for %q: '%s'
0x10001ECC6	0x00000015	[ 22] literal string: negative shift count
0x10001ECDB	0x0000001C	[ 22] literal string: '%s' object is not iterable
0x10001ECF7	0x00000025	[ 22] literal string: unsupported types for %q: '%s', '%s'
0x10001ED1C	0x00000011	[ 22] literal string: division by zero
0x10001ED2D	0x0000001C	[ 22] literal string: '%s' object is not callable
0x10001ED49	0x00000015	[ 22] literal string: unreadable attribute
0x10001ED5E	0x00000015	[ 22] literal string: mp_load_method_maybe
0x10001ED73	0x0000002E	[ 22] literal string: type->locals_dict->base.type == &mp_type_dict
0x10001EDA1	0x0000000B	[ 22] literal string: mp_getiter
0x10001EDAC	0x00000005	[ 22] literal string: o_in
0x10001EDB1	0x0000001F	[ 22] literal string: '%s' object is not an iterator
0x10001EDD0	0x00000029	[ 22] literal string: memory allocation failed, heap is locked
0x10001EDF9	0x0000002E	[ 22] literal string: memory allocation failed, allocating %u bytes
0x10001EE27	0x00000025	[ 22] literal string: argument should be a '%q' not a '%q'
0x10001EE4C	0x00000021	[ 25] literal string: maximum recursion depth exceeded
0x10001EE6D	0x00000029	[ 26] literal string: function does not take keyword arguments
0x10001EE96	0x00000039	[ 26] literal string: function takes %d positional arguments but %d were given
0x10001EECF	0x00000032	[ 26] literal string: function missing %d required positional arguments
0x10001EF01	0x0000002F	[ 26] literal string: function expected at most %d arguments, got %d
0x10001EF30	0x00000017	[ 26] literal string: '%q' argument required
0x10001EF47	0x00000011	[ 26] literal string: mp_arg_parse_all
0x10001EF58	0x00000011	[ 26] literal string: ../py/argcheck.c
0x10001EF69	0x00000034	[ 26] literal string: (allowed[i].flags & MP_ARG_KIND_MASK) == MP_ARG_OBJ
0x10001EF9D	0x00000021	[ 26] literal string: extra positional arguments given
0x10001EFBE	0x0000001E	[ 26] literal string: extra keyword arguments given
0x10001EFDC	0x00000042	[ 26] literal string: keyword argument(s) not yet implemented - use normal args instead
0x10001F01E	0x00000006	[ 29] literal string: (nil)
0x10001F024	0x00000005	[ 29] literal string: <%q>
0x10001F029	0x00000017	[ 29] literal string: mp_obj_print_exception
0x10001F040	0x0000000C	[ 29] literal string: ../py/obj.c
0x10001F04C	0x0000000B	[ 29] literal string: n % 3 == 0
0x10001F057	0x00000024	[ 29] literal string: Traceback (most recent call last):\n
0x10001F07B	0x00000015	[ 29] literal string:   File "%q", line %d
0x10001F090	0x00000009	[ 29] literal string: , in %q\n
0x10001F099	0x00000018	[ 29] literal string: can't convert %s to int
0x10001F0B1	0x0000001A	[ 29] literal string: can't convert %s to float
0x10001F0CB	0x0000001C	[ 29] literal string: can't convert %s to complex
0x10001F0E7	0x00000023	[ 29] literal string: object '%s' is not a tuple or list
0x10001F10A	0x00000024	[ 29] literal string: %q indices must be integers, not %s
0x10001F12E	0x00000016	[ 29] literal string: %q index out of range
0x10001F144	0x0000002B	[ 29] literal string: '%s' object does not support item deletion
0x10001F16F	0x00000021	[ 29] literal string: '%s' object is not subscriptable
0x10001F190	0x0000002D	[ 29] literal string: '%s' object does not support item assignment
0x10001F1BD	0x00000025	[ 29] literal string: object with buffer protocol required
0x10001F1E2	0x00000003	[ 30] literal string: , 
0x10001F1E5	0x00000002	[ 30] literal string: ]
0x10001F1E7	0x00000002	[ 30] literal string: )
0x10001F1E9	0x00000031	[ 30] literal string: only slices with step=1 (aka None) are supported
0x10001F21A	0x00000013	[ 35] literal string: mp_obj_complex_get
0x10001F22D	0x00000013	[ 35] literal string: ../py/objcomplex.c
0x10001F240	0x0000002A	[ 35] literal string: MP_OBJ_IS_TYPE(self_in, &mp_type_complex)
0x10001F26A	0x00000030	[ 35] literal string: can't do truncated division of a complex number
0x10001F29A	0x00000019	[ 35] literal string: complex division by zero
0x10001F2B3	0x00000017	[ 35] literal string: 0.0 to a complex power
0x10001F2CA	0x00000004	[ 35] literal string: %sj
0x10001F2CE	0x00000004	[ 35] literal string: (%s
0x10001F2D2	0x00000002	[ 35] literal string: +
0x10001F2D4	0x00000005	[ 35] literal string: %sj)
0x10001F2D9	0x00000002	[ 36] literal string: {
0x10001F2DB	0x00000003	[ 36] literal string: : 
0x10001F2DE	0x00000002	[ 36] literal string: }
0x10001F2E0	0x00000026	[ 36] literal string: dict update sequence has wrong length
0x10001F306	0x00000003	[ 36] literal string: ([
0x10001F309	0x00000003	[ 36] literal string: ])
0x10001F30C	0x0000000B	[ 36] literal string: dict_items
0x10001F317	0x0000000A	[ 36] literal string: dict_keys
0x10001F321	0x0000000C	[ 36] literal string: dict_values
0x10001F32D	0x0000001F	[ 36] literal string: popitem(): dictionary is empty
0x10001F34C	0x0000001A	[ 38] literal string: mp_obj_new_exception_args
0x10001F366	0x00000012	[ 38] literal string: ../py/objexcept.c
0x10001F378	0x00000030	[ 38] literal string: exc_type->make_new == mp_obj_exception_make_new
0x10001F3A8	0x0000001F	[ 38] literal string: mp_obj_new_exception_msg_vlist
0x10001F3C7	0x0000000C	[ 38] literal string: fmt != NULL
0x10001F3D3	0x00000026	[ 38] literal string: mp_obj_is_exception_instance(self_in)
0x10001F3F9	0x0000001F	[ 38] literal string: mp_obj_exception_add_traceback
0x10001F418	0x0000001F	[ 38] literal string: mp_obj_exception_get_traceback
0x10001F437	0x00000011	[ 40] literal string: mp_obj_float_get
0x10001F448	0x00000011	[ 40] literal string: ../py/objfloat.c
0x10001F459	0x00000019	[ 40] literal string: mp_obj_is_float(self_in)
0x10001F472	0x00000003	[ 40] literal string: .0
0x10001F475	0x0000000F	[ 41] literal string: ../py/objfun.c
0x10001F484	0x00000013	[ 41] literal string: fun_builtin_0_call
0x10001F497	0x00000030	[ 41] literal string: MP_OBJ_IS_TYPE(self_in, &mp_type_fun_builtin_0)
0x10001F4C7	0x00000013	[ 41] literal string: fun_builtin_1_call
0x10001F4DA	0x00000030	[ 41] literal string: MP_OBJ_IS_TYPE(self_in, &mp_type_fun_builtin_1)
0x10001F50A	0x00000013	[ 41] literal string: fun_builtin_2_call
0x10001F51D	0x00000030	[ 41] literal string: MP_OBJ_IS_TYPE(self_in, &mp_type_fun_builtin_2)
0x10001F54D	0x00000013	[ 41] literal string: fun_builtin_3_call
0x10001F560	0x00000030	[ 41] literal string: MP_OBJ_IS_TYPE(self_in, &mp_type_fun_builtin_3)
0x10001F590	0x00000015	[ 41] literal string: fun_builtin_var_call
0x10001F5A5	0x00000032	[ 41] literal string: MP_OBJ_IS_TYPE(self_in, &mp_type_fun_builtin_var)
0x10001F5D7	0x00000019	[ 44] literal string: can't convert inf to int
0x10001F5F0	0x00000019	[ 44] literal string: can't convert NaN to int
0x10001F609	0x00000013	[ 44] literal string: mp_int_format_size
0x10001F61C	0x0000000F	[ 44] literal string: ../py/objint.c
0x10001F62B	0x00000018	[ 44] literal string: 2 <= base && base <= 16
0x10001F643	0x0000001A	[ 45] literal string: mp_obj_int_formatted_impl
0x10001F65D	0x00000013	[ 45] literal string: ../py/objint_mpz.c
0x10001F670	0x00000026	[ 45] literal string: MP_OBJ_IS_TYPE(self_in, &mp_type_int)
0x10001F696	0x00000019	[ 45] literal string: mp_obj_int_to_bytes_impl
0x10001F6AF	0x00000015	[ 45] literal string: mp_obj_int_binary_op
0x10001F6C4	0x0000001A	[ 45] literal string: op == MP_BINARY_OP_DIVMOD
0x10001F6DE	0x0000002D	[ 45] literal string: overflow converting long int to machine word
0x10001F70B	0x00000019	[ 45] literal string: mp_obj_int_as_float_impl
0x10001F724	0x00000014	[ 46] literal string: pop from empty list
0x10001F738	0x00000002	[ 46] literal string: [
0x10001F73A	0x0000000C	[ 46] literal string: list_subscr
0x10001F746	0x00000010	[ 46] literal string: ../py/objlist.c
0x10001F756	0x0000000D	[ 46] literal string: len_adj <= 0
0x10001F763	0x00000020	[ 49] literal string: __new__ arg must be a user-type
0x10001F783	0x00000003	[ 56] literal string: %q
0x10001F786	0x00000011	[ 57] literal string: mp_obj_slice_get
0x10001F797	0x00000011	[ 57] literal string: ../py/objslice.c
0x10001F7A8	0x00000028	[ 57] literal string: MP_OBJ_IS_TYPE(self_in, &mp_type_slice)
0x10001F7D0	0x00000007	[ 57] literal string: slice(
0x10001F7D7	0x00000004	[ 58] literal string: \%c
0x10001F7DB	0x00000003	[ 58] literal string: \\
0x10001F7DE	0x00000003	[ 58] literal string: \n
0x10001F7E1	0x00000003	[ 58] literal string: \r
0x10001F7E4	0x00000003	[ 58] literal string: \t
0x10001F7E7	0x00000007	[ 58] literal string: \x%02x
0x10001F7EE	0x00000010	[ 58] literal string: empty separator
0x10001F7FE	0x00000045	[ 58] literal string: join expects a list of str/bytes objects consistent with self object
0x10001F843	0x0000000F	[ 58] literal string: rsplit(None,n)
0x10001F852	0x00000014	[ 58] literal string: substring not found
0x10001F866	0x00000012	[ 58] literal string: start/end indices
0x10001F878	0x0000000E	[ 58] literal string: str_uni_strip
0x10001F886	0x0000000F	[ 58] literal string: ../py/objstr.c
0x10001F895	0x0000002A	[ 58] literal string: last_good_char_pos >= first_good_char_pos
0x10001F8BF	0x00000019	[ 58] literal string: first_good_char_pos == 0
0x10001F8D8	0x00000028	[ 58] literal string: single '}' encountered in format string
0x10001F900	0x00000035	[ 58] literal string: end of format while looking for conversion specifier
0x10001F935	0x00000020	[ 58] literal string: unknown conversion specifier %c
0x10001F955	0x00000018	[ 58] literal string: unmatched '{' in format
0x10001F96D	0x00000024	[ 58] literal string: expected ':' after format specifier
0x10001F991	0x0000004A	[ 58] literal string: can't switch from automatic field numbering to manual field specification
0x10001F9DB	0x00000019	[ 58] literal string: tuple index out of range
0x10001F9F4	0x0000001D	[ 58] literal string: attributes not supported yet
0x10001FA11	0x0000004A	[ 58] literal string: can't switch from manual field specification to automatic field numbering
0x10001FA5B	0x00000019	[ 58] literal string: mp_obj_str_format_helper
0x10001FA74	0x00000012	[ 58] literal string: conversion == 'r'
0x10001FA86	0x00000019	[ 58] literal string: invalid format specifier
0x10001FA9F	0x0000002C	[ 58] literal string: sign not allowed in string format specifier
0x10001FACB	0x00000033	[ 58] literal string: sign not allowed with integer format specifier 'c'
0x10001FAFE	0x00000031	[ 58] literal string: unknown format code '%c' for object of type '%s'
0x10001FB2F	0x00000034	[ 58] literal string: unknown format code '%c' for object of type 'float'
0x10001FB63	0x00000035	[ 58] literal string: '=' alignment not allowed in string format specifier
0x10001FB98	0x00000032	[ 58] literal string: unknown format code '%c' for object of type 'str'
0x10001FBCA	0x00000005	[ 58] literal string: <>=^
0x10001FBCF	0x00000010	[ 58] literal string: bcdeEfFgGnosxX%
0x10001FBDF	0x00000017	[ 58] literal string: format requires a dict
0x10001FBF6	0x00000016	[ 58] literal string: incomplete format key
0x10001FC0C	0x00000012	[ 58] literal string: incomplete format
0x10001FC1E	0x00000027	[ 58] literal string: not enough arguments for format string
0x10001FC45	0x00000019	[ 58] literal string: %%c requires int or char
0x10001FC5E	0x00000011	[ 58] literal string: integer required
0x10001FC6F	0x00000035	[ 58] literal string: unsupported format character '%c' (0x%x) at index %d
0x10001FCA4	0x00000035	[ 58] literal string: not all arguments converted during string formatting
0x10001FCD9	0x0000000C	[ 58] literal string: str_replace
0x10001FCE5	0x0000000D	[ 58] literal string: data != NULL
0x10001FCF2	0x00000005	[ 58] literal string: %.*s
0x10001FCF7	0x00000002	[ 58] literal string: b
0x10001FCF9	0x00000019	[ 58] literal string: bytes value out of range
0x10001FD12	0x0000001A	[ 58] literal string: wrong number of arguments
0x10001FD2C	0x0000002B	[ 58] literal string: can't convert '%q' object to %q implicitly
0x10001FD57	0x00000028	[ 59] literal string: string indices must be integers, not %s
0x10001FD7F	0x0000001A	[ 59] literal string: string index out of range
0x10001FD99	0x00000007	[ 59] literal string: \u%04x
0x10001FDA0	0x00000007	[ 59] literal string: \U%08x
0x10001FDA7	0x0000000B	[ 59] literal string: str_subscr
0x10001FDB2	0x00000016	[ 59] literal string: ../py/objstrunicode.c
0x10001FDC8	0x00000015	[ 59] literal string: type == &mp_type_str
0x10001FDDD	0x00000002	[ 60] literal string: (
0x10001FDDF	0x00000002	[ 60] literal string: ,
0x10001FDE1	0x00000011	[ 60] literal string: mp_obj_tuple_get
0x10001FDF2	0x00000011	[ 60] literal string: ../py/objtuple.c
0x10001FE03	0x00000028	[ 60] literal string: MP_OBJ_IS_TYPE(self_in, &mp_type_tuple)
0x10001FE2B	0x00000019	[ 61] literal string: mp_obj_instance_make_new
0x10001FE44	0x00000010	[ 61] literal string: ../py/objtype.c
0x10001FE54	0x0000001E	[ 61] literal string: mp_obj_is_instance_type(self)
0x10001FE72	0x00000015	[ 61] literal string: num_native_bases < 2
0x10001FE87	0x00000028	[ 61] literal string: __init__() should return None, not '%s'
0x10001FEAF	0x00000010	[ 61] literal string: mp_obj_new_type
0x10001FEBF	0x0000002C	[ 61] literal string: MP_OBJ_IS_TYPE(bases_tuple, &mp_type_tuple)
0x10001FEEB	0x0000002B	[ 61] literal string: MP_OBJ_IS_TYPE(locals_dict, &mp_type_dict)
0x10001FF16	0x00000028	[ 61] literal string: MP_OBJ_IS_TYPE(items[i], &mp_type_type)
0x10001FF3E	0x00000029	[ 61] literal string: type '%q' is not an acceptable base type
0x10001FF67	0x0000002E	[ 61] literal string: multiple bases have instance lay-out conflict
0x10001FF95	0x0000001C	[ 61] literal string: instance_count_native_bases
0x10001FFB1	0x00000025	[ 61] literal string: MP_OBJ_IS_TYPE(*item, &mp_type_type)
0x10001FFD6	0x00000014	[ 61] literal string: mp_obj_class_lookup
0x10001FFEA	0x0000001F	[ 61] literal string: lookup->dest[0] == MP_OBJ_NULL
0x100020009	0x0000001F	[ 61] literal string: lookup->dest[1] == MP_OBJ_NULL
0x100020028	0x0000001A	[ 61] literal string: mp_obj_instance_load_attr
0x100020042	0x00000032	[ 61] literal string: mp_obj_is_instance_type(mp_obj_get_type(self_in))
0x100020074	0x0000000D	[ 61] literal string: <class '%q'>
0x100020081	0x0000001C	[ 61] literal string: type takes 1 or 3 arguments
0x10002009D	0x0000001D	[ 61] literal string: cannot create '%q' instances
0x1000200BA	0x0000000A	[ 61] literal string: type_attr
0x1000200C4	0x00000027	[ 61] literal string: MP_OBJ_IS_TYPE(self_in, &mp_type_type)
[...]
<<dead>> 	0x00000008	[ 40] 8-byte-literal
<<dead>> 	0x00000010	[ 40] _mp_const_float_e_obj
<<dead>> 	0x00000010	[ 40] _mp_const_float_pi_obj
<<dead>> 	0x00000011	[ 40] literal string: division by zero
<<dead>> 	0x00000019	[ 41] _mp_obj_code_get_name
<<dead>> 	0x0000002E	[ 41] _mp_obj_fun_get_name
<<dead>> 	0x00000033	[ 41] _fun_bc_print
<<dead>> 	0x00000152	[ 41] _fun_bc_call
<<dead>> 	0x000000D7	[ 41] _mp_obj_new_fun_bc
<<dead>> 	0x00000078	[ 41] _mp_type_fun_bc
<<dead>> 	0x00000012	[ 41] literal string: mp_obj_new_fun_bc
<<dead>> 	0x0000002C	[ 41] literal string: MP_OBJ_IS_TYPE(def_args_in, &mp_type_tuple)
<<dead>> 	0x00000016	[ 41] literal string: <function %q at 0x%p>
<<dead>> 	0x0000000C	[ 41] literal string: fun_bc_call
<<dead>> 	0x00000029	[ 41] literal string: vm_return_kind == MP_VM_RETURN_EXCEPTION
<<dead>> 	0x000000BB	[ 42] _gen_wrap_call
<<dead>> 	0x00000028	[ 42] _mp_obj_new_gen_wrap
<<dead>> 	0x000000DC	[ 42] _mp_obj_gen_resume
<<dead>> 	0x00000034	[ 42] _gen_instance_print
<<dead>> 	0x00000013	[ 42] _gen_instance_iternext
<<dead>> 	0x0000009B	[ 42] _gen_resume_and_raise
<<dead>> 	0x00000083	[ 42] _gen_instance_close
<<dead>> 	0x00000027	[ 42] _gen_instance_send
<<dead>> 	0x00000042	[ 42] _gen_instance_throw
<<dead>> 	0x00000078	[ 42] _mp_type_gen_wrap
<<dead>> 	0x00000078	[ 42] _mp_type_gen_instance
<<dead>> 	0x00000030	[ 42] _gen_instance_locals_dict_table
<<dead>> 	0x00000020	[ 42] _gen_instance_locals_dict
<<dead>> 	0x00000010	[ 42] _gen_instance_close_obj
<<dead>> 	0x00000010	[ 42] _gen_instance_send_obj
<<dead>> 	0x00000018	[ 42] _gen_instance_throw_obj
<<dead>> 	0x00000036	[ 42] literal string: can't send non-None value to a just-started generator
<<dead>> 	0x0000000E	[ 42] literal string: gen_wrap_call
<<dead>> 	0x00000015	[ 42] literal string: ../py/objgenerator.c
<<dead>> 	0x00000027	[ 42] literal string: self_fun->base.type == &mp_type_fun_bc
<<dead>> 	0x0000001E	[ 42] literal string: <generator object '%q' at %p>
<<dead>> 	0x00000020	[ 42] literal string: generator ignored GeneratorExit
<<dead>> 	0x000000A2	[ 45] _mp_obj_int_abs
<<dead>> 	0x00000011	[ 45] literal string: division by zero
<<dead>> 	0x00000015	[ 45] literal string: negative shift count
<<dead>> 	0x0000000A	[ 46] _mp_obj_list_set_len
<<dead>> 	0x0000002E	[ 46] _mp_obj_list_store
<<dead>> 	0x00000003	[ 46] literal string: , 
<<dead>> 	0x00000002	[ 46] literal string: ]
<<dead>> 	0x00000001	[ 46] literal string: 
<<dead>> 	0x00000091	[ 47] _map_make_new
<<dead>> 	0x00000078	[ 47] _map_iternext
<<dead>> 	0x00000078	[ 47] _mp_type_map
<<dead>> 	0x0000004E	[ 48] _module_print
<<dead>> 	0x00000065	[ 48] _module_attr
<<dead>> 	0x0000007D	[ 48] _mp_obj_new_module
<<dead>> 	0x0000003A	[ 48] _mp_obj_module_get_globals
<<dead>> 	0x0000004D	[ 48] _mp_module_get
<<dead>> 	0x00000031	[ 48] _mp_module_register
<<dead>> 	0x00000080	[ 48] _mp_type_module
<<dead>> 	0x00000040	[ 48] _mp_builtin_module_table
<<dead>> 	0x00000018	[ 48] _mp_builtin_module_map
<<dead>> 	0x0000001A	[ 48] literal string: mp_obj_module_get_globals
<<dead>> 	0x00000012	[ 48] literal string: ../py/objmodule.c
<<dead>> 	0x00000029	[ 48] literal string: MP_OBJ_IS_TYPE(self_in, &mp_type_module)
<<dead>> 	0x00000001	[ 48] literal string: 
<<dead>> 	0x0000000E	[ 48] literal string: <module '%s'>
<<dead>> 	0x00000005	[ 52] literal string: None
<<dead>> 	0x00000055	[ 53] _range_print
<<dead>> 	0x000000A4	[ 53] _range_make_new
<<dead>> 	0x00000060	[ 53] _range_unary_op
<<dead>> 	0x00000049	[ 53] _range_attr
<<dead>> 	0x000000E0	[ 53] _range_subscr
<<dead>> 	0x00000023	[ 53] _range_getiter
<<dead>> 	0x00000045	[ 53] _range_it_iternext
<<dead>> 	0x00000078	[ 53] _mp_type_range
<<dead>> 	0x00000078	[ 53] _range_it_type
<<dead>> 	0x0000000F	[ 53] literal string: range(%ld, %ld
<<dead>> 	0x00000002	[ 53] literal string: )
<<dead>> 	0x00000007	[ 53] literal string: , %ld)
<<dead>> 	0x0000000A	[ 53] literal string: zero step
<<dead>> 	0x000000AF	[ 54] _reversed_make_new
<<dead>> 	0x00000030	[ 54] _reversed_iternext
<<dead>> 	0x00000078	[ 54] _mp_type_reversed
<<dead>> 	0x000000A8	[ 55] _set_print
<<dead>> 	0x0000009C	[ 55] _set_make_new
<<dead>> 	0x00000032	[ 55] _set_unary_op
<<dead>> 	0x00000202	[ 55] _set_binary_op
<<dead>> 	0x0000002A	[ 55] _set_getiter
<<dead>> 	0x00000064	[ 55] _mp_obj_new_set
<<dead>> 	0x00000013	[ 55] _mp_obj_set_store
<<dead>> 	0x00000037	[ 55] _set_union
<<dead>> 	0x00000037	[ 55] _set_symmetric_difference
<<dead>> 	0x0000000C	[ 55] _set_intersect
<<dead>> 	0x0000000C	[ 55] _set_diff
<<dead>> 	0x00000043	[ 55] _set_update
<<dead>> 	0x00000056	[ 55] _set_symmetric_difference_update
<<dead>> 	0x0000010C	[ 55] _set_intersect_int
<<dead>> 	0x0000009B	[ 55] _set_diff_int
<<dead>> 	0x0000000C	[ 55] _set_issubset
<<dead>> 	0x00000015	[ 55] _set_issuperset
<<dead>> 	0x0000001B	[ 55] _set_copy
<<dead>> 	0x0000004F	[ 55] _set_update_int
<<dead>> 	0x00000053	[ 55] _set_copy_as_mutable
<<dead>> 	0x0000001B	[ 55] _set_add
<<dead>> 	0x00000016	[ 55] _set_clear
<<dead>> 	0x0000001B	[ 55] _set_discard
<<dead>> 	0x0000015B	[ 55] _set_issubset_internal
<<dead>> 	0x00000047	[ 55] _set_it_iternext
<<dead>> 	0x00000017	[ 55] _set_diff_update
<<dead>> 	0x0000000F	[ 55] _set_intersect_update
<<dead>> 	0x00000069	[ 55] _set_isdisjoint
<<dead>> 	0x00000027	[ 55] _set_pop
<<dead>> 	0x00000034	[ 55] _set_remove
<<dead>> 	0x00000080	[ 55] _mp_type_set
<<dead>> 	0x00000120	[ 55] _set_locals_dict_table
<<dead>> 	0x00000020	[ 55] _set_locals_dict
<<dead>> 	0x00000010	[ 55] _set_add_obj
<<dead>> 	0x00000010	[ 55] _set_clear_obj
<<dead>> 	0x00000010	[ 55] _set_copy_obj
<<dead>> 	0x00000010	[ 55] _set_discard_obj
<<dead>> 	0x00000018	[ 55] _set_diff_obj
<<dead>> 	0x00000018	[ 55] _set_diff_update_obj
<<dead>> 	0x00000010	[ 55] _set_intersect_obj
<<dead>> 	0x00000010	[ 55] _set_intersect_update_obj
<<dead>> 	0x00000010	[ 55] _set_isdisjoint_obj
<<dead>> 	0x00000010	[ 55] _set_issubset_obj
<<dead>> 	0x00000010	[ 55] _set_issuperset_obj
<<dead>> 	0x00000010	[ 55] _set_pop_obj
<<dead>> 	0x00000010	[ 55] _set_remove_obj
<<dead>> 	0x00000010	[ 55] _set_symmetric_difference_obj
<<dead>> 	0x00000010	[ 55] _set_symmetric_difference_update_obj
<<dead>> 	0x00000010	[ 55] _set_union_obj
<<dead>> 	0x00000018	[ 55] _set_update_obj
<<dead>> 	0x00000006	[ 55] literal string: set()
<<dead>> 	0x00000002	[ 55] literal string: {
<<dead>> 	0x00000003	[ 55] literal string: , 
<<dead>> 	0x00000002	[ 55] literal string: }
<<dead>> 	0x00000016	[ 55] literal string: pop from an empty set
<<dead>> 	0x0000003E	[ 57] _mp_obj_new_slice
<<dead>> 	0x00000003	[ 57] literal string: , 
<<dead>> 	0x00000002	[ 57] literal string: )
<<dead>> 	0x00000048	[ 58] _mp_obj_str_intern
<<dead>> 	0x0000004E	[ 58] _mp_obj_str_get_str
<<dead>> 	0x00000003	[ 58] literal string: %c
<<dead>> 	0x00000031	[ 58] literal string: only slices with step=1 (aka None) are supported
<<dead>> 	0x00000005	[ 59] literal string: %.*s
<<dead>> 	0x00000003	[ 59] literal string: %c
<<dead>> 	0x00000004	[ 59] literal string: \%c
<<dead>> 	0x00000003	[ 59] literal string: \\
<<dead>> 	0x00000003	[ 59] literal string: \n
<<dead>> 	0x00000003	[ 59] literal string: \r
<<dead>> 	0x00000003	[ 59] literal string: \t
<<dead>> 	0x00000007	[ 59] literal string: \x%02x
<<dead>> 	0x00000031	[ 59] literal string: only slices with step=1 (aka None) are supported
<<dead>> 	0x0000003A	[ 60] _mp_obj_tuple_del
<<dead>> 	0x00000003	[ 60] literal string: , 
<<dead>> 	0x00000002	[ 60] literal string: )
<<dead>> 	0x00000031	[ 60] literal string: only slices with step=1 (aka None) are supported
<<dead>> 	0x00000011	[ 60] literal string: mp_obj_tuple_del
<<dead>> 	0x0000005F	[ 61] _mp_obj_instance_is_callable
<<dead>> 	0x00000057	[ 61] _super_print
<<dead>> 	0x00000042	[ 61] _super_make_new
<<dead>> 	0x00000148	[ 61] _super_attr
<<dead>> 	0x00000036	[ 61] _mp_load_super_method
<<dead>> 	0x00000027	[ 61] _mp_builtin_issubclass
<<dead>> 	0x0000001F	[ 61] _mp_builtin_isinstance
<<dead>> 	0x000000C4	[ 61] _mp_obj_is_subclass
<<dead>> 	0x00000010	[ 61] 16-byte-literal
<<dead>> 	0x0000001C	[ 61] literal string: '%s' object is not callable
<<dead>> 	0x0000002E	[ 61] literal string: type->locals_dict->base.type == &mp_type_dict
<<dead>> 	0x00000015	[ 61] literal string: unreadable attribute
<<dead>> 	0x00000009	[ 61] literal string: <super: 
<<dead>> 	0x00000003	[ 61] literal string: , 
<<dead>> 	0x00000002	[ 61] literal string: >
<<dead>> 	0x0000000B	[ 61] literal string: super_attr
<<dead>> 	0x00000028	[ 61] literal string: MP_OBJ_IS_TYPE(self_in, &mp_type_super)
<<dead>> 	0x0000002A	[ 61] literal string: MP_OBJ_IS_TYPE(self->type, &mp_type_type)
<<dead>> 	0x00000023	[ 61] literal string: issubclass() arg 1 must be a class
<<dead>> 	0x00000039	[ 61] literal string: issubclass() arg 2 must be a class or a tuple of classes
<<dead>> 	0x00000078	[ 61] _mp_type_super
<<dead>> 	0x00000010	[ 61] _mp_builtin_issubclass_obj
<<dead>> 	0x00000010	[ 61] _mp_builtin_isinstance_obj
<<dead>> 	0x0000007F	[ 62] _zip_make_new
<<dead>> 	0x0000006B	[ 62] _zip_iternext
<<dead>> 	0x00000078	[ 62] _mp_type_zip
<<dead>> 	0x00000027	[ 63] _op_contains
<<dead>> 	0x00000010	[ 63] _mp_op_contains_obj
<<dead>> 	0x0000008E	[ 65] _mp_stream_rw
<<dead>> 	0x00000053	[ 65] _mp_get_stream_raise
<<dead>> 	0x0000004A	[ 65] _mp_stream_close
<<dead>> 	0x0000000C	[ 65] _stream_read
<<dead>> 	0x0000000F	[ 65] _stream_read1
<<dead>> 	0x00000058	[ 65] _mp_stream_write
<<dead>> 	0x0000000F	[ 65] _mp_stream_write_adaptor
<<dead>> 	0x00000098	[ 65] _stream_write_method
<<dead>> 	0x0000003C	[ 65] _stream_write1_method
<<dead>> 	0x000000BE	[ 65] _stream_readinto
<<dead>> 	0x0000010F	[ 65] _stream_unbuffered_readline
<<dead>> 	0x00000070	[ 65] _stream_unbuffered_readlines
<<dead>> 	0x00000038	[ 65] _mp_stream_unbuffered_iter
<<dead>> 	0x000000A0	[ 65] _stream_seek
<<dead>> 	0x00000046	[ 65] _stream_tell
<<dead>> 	0x00000040	[ 65] _stream_flush
<<dead>> 	0x00000099	[ 65] _stream_ioctl
<<dead>> 	0x000002A5	[ 65] _stream_read_generic
<<dead>> 	0x00000010	[ 65] 16-byte-literal
<<dead>> 	0x0000001F	[ 65] literal string: stream operation not supported
<<dead>> 	0x0000000E	[ 65] literal string: out of memory
<<dead>> 	0x00000018	[ 65] _mp_stream_read_obj
<<dead>> 	0x00000018	[ 65] _mp_stream_read1_obj
<<dead>> 	0x00000018	[ 65] _mp_stream_write_obj
<<dead>> 	0x00000010	[ 65] _mp_stream_write1_obj
<<dead>> 	0x00000018	[ 65] _mp_stream_readinto_obj
<<dead>> 	0x00000018	[ 65] _mp_stream_unbuffered_readline_obj
<<dead>> 	0x00000010	[ 65] _mp_stream_unbuffered_readlines_obj
<<dead>> 	0x00000018	[ 65] _mp_stream_seek_obj
<<dead>> 	0x00000010	[ 65] _mp_stream_tell_obj
<<dead>> 	0x00000010	[ 65] _mp_stream_flush_obj
<<dead>> 	0x00000018	[ 65] _mp_stream_ioctl_obj
<<dead>> 	0x0000021C	[ 66] _mp_binary_get_size
<<dead>> 	0x00000134	[ 66] _mp_binary_get_val_array
<<dead>> 	0x00000053	[ 66] _mp_binary_get_int
<<dead>> 	0x00000133	[ 66] _mp_binary_get_val
<<dead>> 	0x000000F7	[ 66] _mp_binary_set_val
<<dead>> 	0x0000017C	[ 66] _mp_binary_set_val_array
<<dead>> 	0x000000DC	[ 66] _mp_binary_set_val_array_from_int
<<dead>> 	0x0000000D	[ 66] literal string: bad typecode
<<dead>> 	0x0000003F	[ 67] _mp_obj_is_package
<<dead>> 	0x000004FD	[ 67] _mp_builtin___import__
<<dead>> 	0x00000053	[ 67] _stat_dir_or_file
<<dead>> 	0x0000003C	[ 67] _do_load
<<dead>> 	0x00000016	[ 67] literal string: mp_builtin___import__
<<dead>> 	0x00000016	[ 67] literal string: ../py/builtinimport.c
<<dead>> 	0x0000001B	[ 67] literal string: this_name_q != MP_OBJ_NULL
<<dead>> 	0x0000001F	[ 67] literal string: cannot perform relative import
<<dead>> 	0x00000015	[ 67] literal string: no module named '%q'
<<dead>> 	0x0000000C	[ 67] literal string: __init__.py
<<dead>> 	0x00000004	[ 67] literal string: .py
<<dead>> 	0x00000018	[ 67] _mp_builtin___import___obj
<<dead>> 	0x0000000F	[ 68] _mp_builtin_eval
<<dead>> 	0x0000000F	[ 68] _mp_builtin_exec
<<dead>> 	0x000000A4	[ 68] _eval_exec_helper
<<dead>> 	0x00000018	[ 68] _mp_builtin_eval_obj
<<dead>> 	0x00000018	[ 68] _mp_builtin_exec_obj
<<dead>> 	0x00000103	[ 69] _mp_builtin___build_class__
<<dead>> 	0x00000098	[ 69] _mp_builtin_abs
<<dead>> 	0x00000052	[ 69] _mp_builtin_all
<<dead>> 	0x00000052	[ 69] _mp_builtin_any
<<dead>> 	0x00000045	[ 69] _mp_builtin_bin
<<dead>> 	0x0000001F	[ 69] _mp_builtin_callable
<<dead>> 	0x000000EC	[ 69] _mp_builtin_chr
<<dead>> 	0x00000135	[ 69] _mp_builtin_dir
<<dead>> 	0x0000001B	[ 69] _mp_builtin_divmod
<<dead>> 	0x00000015	[ 69] _mp_builtin_hash
<<dead>> 	0x0000001A	[ 69] _mp_builtin_hex
<<dead>> 	0x0000000C	[ 69] _mp_builtin_iter
<<dead>> 	0x0000000F	[ 69] _mp_builtin_max
<<dead>> 	0x0000000F	[ 69] _mp_builtin_min
<<dead>> 	0x0000001A	[ 69] _mp_builtin_oct
<<dead>> 	0x000000EB	[ 69] _mp_builtin_ord
<<dead>> 	0x00000031	[ 69] _mp_builtin_pow
<<dead>> 	0x0000010C	[ 69] _mp_builtin_print
<<dead>> 	0x00000046	[ 69] _mp_builtin___repl_print__
<<dead>> 	0x00000052	[ 69] _mp_builtin_repr
<<dead>> 	0x0000009C	[ 69] _mp_builtin_round
<<dead>> 	0x00000058	[ 69] _mp_builtin_sum
<<dead>> 	0x00000052	[ 69] _mp_builtin_sorted
<<dead>> 	0x00000089	[ 69] _mp_builtin_getattr
<<dead>> 	0x0000002F	[ 69] _mp_builtin_setattr
<<dead>> 	0x0000002C	[ 69] _mp_builtin_delattr
<<dead>> 	0x0000005B	[ 69] _mp_builtin_hasattr
<<dead>> 	0x00000011	[ 69] _mp_builtin_globals
<<dead>> 	0x00000010	[ 69] _mp_builtin_locals
<<dead>> 	0x00000140	[ 69] _mp_builtin_min_max
<<dead>> 	0x00000010	[ 69] 16-byte-literal
<<dead>> 	0x00000018	[ 69] _mp_builtin___build_class___obj
<<dead>> 	0x00000010	[ 69] _mp_builtin_abs_obj
<<dead>> 	0x00000010	[ 69] _mp_builtin_all_obj
<<dead>> 	0x00000010	[ 69] _mp_builtin_any_obj
<<dead>> 	0x00000010	[ 69] _mp_builtin_bin_obj
<<dead>> 	0x00000010	[ 69] _mp_builtin_callable_obj
<<dead>> 	0x00000010	[ 69] _mp_builtin_chr_obj
<<dead>> 	0x00000018	[ 69] _mp_builtin_dir_obj
<<dead>> 	0x00000010	[ 69] _mp_builtin_divmod_obj
<<dead>> 	0x00000010	[ 69] _mp_builtin_hash_obj
<<dead>> 	0x00000010	[ 69] _mp_builtin_hex_obj
<<dead>> 	0x00000010	[ 69] _mp_builtin_iter_obj
<<dead>> 	0x00000018	[ 69] _mp_builtin_max_obj
<<dead>> 	0x00000018	[ 69] _mp_builtin_min_obj
<<dead>> 	0x00000010	[ 69] _mp_builtin_oct_obj
<<dead>> 	0x00000010	[ 69] _mp_builtin_ord_obj
<<dead>> 	0x00000018	[ 69] _mp_builtin_pow_obj
<<dead>> 	0x00000018	[ 69] _mp_builtin_print_obj
<<dead>> 	0x00000010	[ 69] _mp_builtin___repl_print___obj
<<dead>> 	0x00000010	[ 69] _mp_builtin_repr_obj
<<dead>> 	0x00000018	[ 69] _mp_builtin_round_obj
<<dead>> 	0x00000018	[ 69] _mp_builtin_sum_obj
<<dead>> 	0x00000018	[ 69] _mp_builtin_sorted_obj
<<dead>> 	0x00000018	[ 69] _mp_builtin_getattr_obj
<<dead>> 	0x00000010	[ 69] _mp_builtin_setattr_obj
<<dead>> 	0x00000010	[ 69] _mp_builtin_delattr_obj
<<dead>> 	0x00000010	[ 69] _mp_builtin_hasattr_obj
<<dead>> 	0x00000010	[ 69] _mp_builtin_globals_obj
<<dead>> 	0x00000010	[ 69] _mp_builtin_locals_obj
<<dead>> 	0x00000010	[ 69] _mp_builtin_id_obj
<<dead>> 	0x00000010	[ 69] _mp_builtin_len_obj
<<dead>> 	0x000005A0	[ 69] _mp_module_builtins_globals_table
<<dead>> 	0x00000020	[ 69] _mp_module_builtins_globals
<<dead>> 	0x00000010	[ 69] _mp_module_builtins
<<dead>> 	0x0000001B	[ 69] literal string: mp_builtin___build_class__
<<dead>> 	0x00000014	[ 69] literal string: ../py/modbuiltins.c
<<dead>> 	0x0000000C	[ 69] literal string: 2 <= n_args
<<dead>> 	0x00000021	[ 69] literal string: chr() arg not in range(0x110000)
<<dead>> 	0x00000019	[ 69] literal string: arg is an empty sequence
<<dead>> 	0x00000001	[ 69] literal string: 
<<dead>> 	0x0000003A	[ 69] literal string: ord() expected a character, but string of length %d found
<<dead>> 	0x0000001A	[ 69] literal string: 3-arg pow() not supported
<<dead>> 	0x00000002	[ 69] literal string:  
<<dead>> 	0x00000002	[ 69] literal string: \n
<<dead>> 	0x0000002B	[ 69] literal string: must use keyword argument for key function
<<dead>> 	0x0000003C	[ 70] _mp_micropython_opt_level
<<dead>> 	0x00000012	[ 70] _mp_micropython_heap_lock
<<dead>> 	0x00000012	[ 70] _mp_micropython_heap_unlock
<<dead>> 	0x00000010	[ 70] _mp_module_micropython
<<dead>> 	0x00000050	[ 70] _mp_module_micropython_globals_table
<<dead>> 	0x00000020	[ 70] _mp_module_micropython_globals
<<dead>> 	0x00000010	[ 70] _mp_micropython_heap_lock_obj
<<dead>> 	0x00000010	[ 70] _mp_micropython_heap_unlock_obj
<<dead>> 	0x00000018	[ 70] _mp_micropython_opt_level_obj
<<dead>> 	0x000000E3	[ 71] _struct_calcsize
<<dead>> 	0x00000253	[ 71] _struct_unpack_from
<<dead>> 	0x00000078	[ 71] _struct_pack
<<dead>> 	0x00000079	[ 71] _struct_pack_into
<<dead>> 	0x00000049	[ 71] _get_fmt_num
<<dead>> 	0x000001AF	[ 71] _struct_pack_into_internal
<<dead>> 	0x00000010	[ 71] _struct_calcsize_obj
<<dead>> 	0x00000018	[ 71] _struct_unpack_from_obj
<<dead>> 	0x00000018	[ 71] _struct_pack_obj
<<dead>> 	0x00000018	[ 71] _struct_pack_into_obj
<<dead>> 	0x00000018	[ 71] _mp_module_ustruct
<<dead>> 	0x00000060	[ 71] _mp_module_struct_globals_table
<<dead>> 	0x00000020	[ 71] _mp_module_struct_globals
<<dead>> 	0x00000011	[ 71] literal string: buffer too small
<<dead>> 	0x000019A8	[ 72] _mp_execute_bytecode
<<dead>> 	0x0000002C	[ 72] literal string: local variable referenced before assignment
<<dead>> 	0x00000014	[ 72] literal string: mp_execute_bytecode
<<dead>> 	0x0000000B	[ 72] literal string: ../py/vm.c
<<dead>> 	0x00000019	[ 72] literal string: cause_val == UNWIND_JUMP
<<dead>> 	0x00000024	[ 72] literal string: mp_obj_is_exception_instance(TOP())
<<dead>> 	0x00000014	[ 72] literal string: exc_sp >= exc_stack
<<dead>> 	0x00000016	[ 72] literal string: reason == UNWIND_JUMP
<<dead>> 	0x0000001A	[ 72] literal string: currently_in_except_block
<<dead>> 	0x00000018	[ 72] literal string: exc_sp == exc_stack - 1
<<dead>> 	0x00000021	[ 72] literal string: exception chaining not supported
<<dead>> 	0x0000001F	[ 72] literal string: No active exception to reraise
<<dead>> 	0x00000023	[ 72] literal string: ret_kind == MP_VM_RETURN_EXCEPTION
<<dead>> 	0x0000001A	[ 72] literal string: byte code not implemented
<<dead>> 	0x00000021	[ 73] _mp_decode_uint_value
<<dead>> 	0x00000012	[ 73] _mp_decode_uint_skip
<<dead>> 	0x00000499	[ 73] _mp_setup_code_state
<<dead>> 	0x0000002C	[ 73] _fun_pos_args_mismatch
<<dead>> 	0x0000002F	[ 73] literal string: function got multiple values for argument '%q'
<<dead>> 	0x00000021	[ 73] literal string: unexpected keyword argument '%q'
<<dead>> 	0x00000032	[ 73] literal string: function missing required positional argument #%d
<<dead>> 	0x00000030	[ 73] literal string: function missing required keyword argument '%q'
<<dead>> 	0x00000027	[ 73] literal string: function missing keyword-only argument
<<dead>> 	0x00000035	[ 73] literal string: %q() takes %d positional arguments but %d were given
<<dead>> 	0x000000F6	[ 75] _mod_binascii_hexlify
<<dead>> 	0x000000D0	[ 75] _mod_binascii_unhexlify
<<dead>> 	0x0000013F	[ 75] _mod_binascii_a2b_base64
<<dead>> 	0x00000175	[ 75] _mod_binascii_b2a_base64
<<dead>> 	0x00000018	[ 75] _mod_binascii_hexlify_obj
<<dead>> 	0x00000010	[ 75] _mod_binascii_unhexlify_obj
<<dead>> 	0x00000010	[ 75] _mod_binascii_a2b_base64_obj
<<dead>> 	0x00000010	[ 75] _mod_binascii_b2a_base64_obj
<<dead>> 	0x00000012	[ 75] literal string: odd-length string
<<dead>> 	0x00000014	[ 75] literal string: non-hex digit found
<<dead>> 	0x00000012	[ 75] literal string: incorrect padding
<<dead>> 	0x0000001A	[ 76] _mp_virtual_pin_read
<<dead>> 	0x0000001B	[ 76] _mp_virtual_pin_write
<<dead>> 	0x0000001F	[ 77] _abort_
<<dead>> 	0x0000000F	[ 77] literal string: abort() called
<<dead>> 	0x00000008	[ 78] _mp_import_stat
<<dead>> 	0x00000001	[ 78] literal string: 
<<dead>> 	0x00000001	[ 78] literal string: 
<<dead>> 	0x00000001	[ 78] literal string: 
<<dead>> 	0x00000001	[ 78] literal string: 
<<dead>> 	0x00000001	[ 78] literal string: 
<<dead>> 	0x00000001	[ 78] literal string: 
<<dead>> 	0x00000001	[ 78] literal string: 
<<dead>> 	0x00000001	[ 78] literal string: 
<<dead>> 	0x00000000	[ 80] ___memcpy_chk
<<dead>> 	0x00000000	[ 80] _nearbyint
